2026-10-02 15:27:16,248 [INFO] Activator:176 - 


2026-10-02 15:27:16,257 [INFO] Activator:177 - !SESSION log4j initialized
2026-10-02 15:27:22,411 [INFO] LogOutputStream:77 - [STDOUT_REDIRECT] 
2026-10-02 15:27:23,851 [INFO] ApplicationProperties:184 - Using Application install path: /home/mowibox/st/stm32cubeide_1.19.0_2/plugins/com.st.stm32cube.common.mx_6.15.0.202507011659
2026-10-02 15:27:23,905 [INFO] DbMcusXml:78 - Set database path to: /home/mowibox/st/stm32cubeide_1.19.0_2/plugins/com.st.stm32cube.common.mx_6.15.0.202507011659//db//mcu/
2026-10-02 15:27:23,906 [INFO] ApiDb:274 - Set plugin database path to: /home/mowibox/st/stm32cubeide_1.19.0_2/plugins/com.st.stm32cube.common.mx_6.15.0.202507011659//db//plugins/boardmanager/
2026-10-02 15:27:23,907 [WARN] ApiDb:259 - Overriding images path with different value:  => /home/mowibox/st/stm32cubeide_1.19.0_2/plugins/com.st.stm32cube.common.mx_6.15.0.202507011659//db//plugins/mcufinder/images/
2026-10-02 15:27:23,921 [INFO] ApiDb:250 - Set database path to: /home/mowibox/.stmcufinder/plugins/mcufinder//mcu/
2026-10-02 15:27:23,924 [INFO] DbMcusAds:125 - Set database path to: /home/mowibox/.stmcufinder/plugins/mcufinder//mcu/
2026-10-02 15:27:23,930 [INFO] CrossReferenceDbSqlite:203 - Set database path to: /home/mowibox/.stmcufinder/plugins/mcufinder//mcu/cs/
2026-10-02 15:27:24,390 [INFO] RulesReader:64 - Compatibility file has been processed (317 Rules)
2026-10-02 15:27:24,612 [INFO] DbMcusXml:78 - Set database path to: /home/mowibox/st/stm32cubeide_1.19.0_2/plugins/com.st.stm32cube.common.mx_6.15.0.202507011659//db//mcu/
2026-10-02 15:27:24,613 [INFO] ApiDb:274 - Set plugin database path to: /home/mowibox/st/stm32cubeide_1.19.0_2/plugins/com.st.stm32cube.common.mx_6.15.0.202507011659//db//plugins/boardmanager/
2026-10-02 15:27:24,613 [INFO] ApiDb:261 - Set plugin images path to: /home/mowibox/st/stm32cubeide_1.19.0_2/plugins/com.st.stm32cube.common.mx_6.15.0.202507011659//db//plugins/mcufinder/images/
2026-10-02 15:27:24,614 [WARN] DbFile:41 - Overriding database path with different value: /home/mowibox/.stmcufinder/plugins/mcufinder/ => /home/mowibox/.stmcufinder/plugins/mcufinder
2026-10-02 15:27:24,615 [INFO] ApiDb:250 - Set database path to: /home/mowibox/.stmcufinder/plugins/mcufinder//mcu/
2026-10-02 15:27:24,615 [WARN] DbFile:41 - Overriding database path with different value: /home/mowibox/.stmcufinder/plugins/mcufinder/ => /home/mowibox/.stmcufinder/plugins/mcufinder
2026-10-02 15:27:24,615 [INFO] DbMcusAds:125 - Set database path to: /home/mowibox/.stmcufinder/plugins/mcufinder//mcu/
2026-10-02 15:27:24,616 [WARN] DbFile:41 - Overriding database path with different value: /home/mowibox/.stmcufinder/plugins/mcufinder/ => /home/mowibox/.stmcufinder/plugins/mcufinder
2026-10-02 15:27:24,616 [WARN] DbFile:41 - Overriding database path with different value: /home/mowibox/.stmcufinder/plugins/mcufinder/ => /home/mowibox/.stmcufinder/plugins/mcufinder
2026-10-02 15:27:24,616 [INFO] CrossReferenceDbSqlite:203 - Set database path to: /home/mowibox/.stmcufinder/plugins/mcufinder//mcu/cs/
2026-10-02 15:27:24,737 [INFO] MainPanel:274 - HeapMemory: 268435456
2026-10-02 15:27:25,082 [INFO] DbMcusXml:78 - Set database path to: /home/mowibox/st/stm32cubeide_1.19.0_2/plugins/com.st.stm32cube.common.mx_6.15.0.202507011659//db//mcu/
2026-10-02 15:27:25,082 [INFO] ApiDb:274 - Set plugin database path to: /home/mowibox/st/stm32cubeide_1.19.0_2/plugins/com.st.stm32cube.common.mx_6.15.0.202507011659//db//plugins/boardmanager/
2026-10-02 15:27:25,082 [INFO] ApiDb:261 - Set plugin images path to: /home/mowibox/st/stm32cubeide_1.19.0_2/plugins/com.st.stm32cube.common.mx_6.15.0.202507011659//db//plugins/mcufinder/images/
2026-10-02 15:27:25,083 [WARN] DbFile:41 - Overriding database path with different value: /home/mowibox/.stmcufinder/plugins/mcufinder/ => /home/mowibox/.stmcufinder/plugins/mcufinder
2026-10-02 15:27:25,083 [INFO] ApiDb:250 - Set database path to: /home/mowibox/.stmcufinder/plugins/mcufinder//mcu/
2026-10-02 15:27:25,084 [WARN] DbFile:41 - Overriding database path with different value: /home/mowibox/.stmcufinder/plugins/mcufinder/ => /home/mowibox/.stmcufinder/plugins/mcufinder
2026-10-02 15:27:25,084 [INFO] DbMcusAds:125 - Set database path to: /home/mowibox/.stmcufinder/plugins/mcufinder//mcu/
2026-10-02 15:27:25,084 [WARN] DbFile:41 - Overriding database path with different value: /home/mowibox/.stmcufinder/plugins/mcufinder/ => /home/mowibox/.stmcufinder/plugins/mcufinder
2026-10-02 15:27:25,084 [WARN] DbFile:41 - Overriding database path with different value: /home/mowibox/.stmcufinder/plugins/mcufinder/ => /home/mowibox/.stmcufinder/plugins/mcufinder
2026-10-02 15:27:25,085 [INFO] CrossReferenceDbSqlite:203 - Set database path to: /home/mowibox/.stmcufinder/plugins/mcufinder//mcu/cs/
2026-10-02 15:27:25,135 [INFO] ApplicationProperties:184 - Using Application install path: /home/mowibox/st/stm32cubeide_1.19.0_2/plugins/com.st.stm32cube.common.mx_6.15.0.202507011659
2026-10-02 15:27:25,138 [INFO] PluginManage:196 - Search for loadable plugins [exclusion list=, ]
2026-10-02 15:27:25,141 [INFO] PluginManage:310 - Check plugin analytics
2026-10-02 15:27:25,451 [INFO] AnalyticsPlugin:253 - Accepted Software Licenses: 
2026-10-02 15:27:25,452 [INFO] AnalyticsPlugin:255 - Accepted CMSIS Pack Licenses: 
2026-10-02 15:27:25,452 [INFO] AnalyticsPlugin:257 - Accepted Firmware Licenses: FW.G4.1.6.0
2026-10-02 15:27:25,455 [INFO] PluginManage:359 - Loaded plugin analytics (category:tool,tabindex:-1)
2026-10-02 15:27:25,455 [INFO] PluginManage:310 - Check plugin cadmodel
2026-10-02 15:27:25,462 [INFO] CADModel:105 - Init CAD model plugin
2026-10-02 15:27:25,462 [INFO] PluginManage:359 - Loaded plugin cadmodel (category:power,tabindex:5)
2026-10-02 15:27:25,462 [INFO] PluginManage:310 - Check plugin clock
2026-10-02 15:27:25,475 [INFO] PluginManage:359 - Loaded plugin clock (category:base,tabindex:2)
2026-10-02 15:27:25,475 [INFO] PluginManage:310 - Check plugin ddr
2026-10-02 15:27:25,478 [INFO] PluginManage:359 - Loaded plugin ddr (category:tool,tabindex:6)
2026-10-02 15:27:25,478 [INFO] PluginManage:310 - Check plugin filemanager
2026-10-02 15:27:25,846 [INFO] PluginManage:359 - Loaded plugin filemanager (category:base,tabindex:10)
2026-10-02 15:27:25,847 [INFO] PluginManage:310 - Check plugin ipmanager
2026-10-02 15:27:25,852 [INFO] PluginManage:359 - Loaded plugin ipmanager (category:base,tabindex:5)
2026-10-02 15:27:25,853 [INFO] PluginManage:310 - Check plugin lpbam
2026-10-02 15:27:25,862 [INFO] PluginManage:359 - Loaded plugin lpbam (category:base,tabindex:0)
2026-10-02 15:27:25,862 [INFO] PluginManage:310 - Check plugin memorymap
2026-10-02 15:27:25,873 [INFO] PluginManage:359 - Loaded plugin memorymap (category:base,tabindex:4)
2026-10-02 15:27:25,873 [INFO] PluginManage:310 - Check plugin pinoutandconfiguration
2026-10-02 15:27:25,881 [INFO] PluginManage:359 - Loaded plugin pinoutandconfiguration (category:base,tabindex:1)
2026-10-02 15:27:25,881 [INFO] PluginManage:310 - Check plugin pinoutconfig
2026-10-02 15:27:25,997 [WARN] SupportedApi:132 - Cannot load RTOS API schema: s4s-elt-must-match.1: The content of 'definitions' must match (annotation?, (simpleType | complexType)?, (unique | key | keyref)*)). A problem was found starting at: attribute.
2026-10-02 15:27:26,226 [INFO] PluginManage:359 - Loaded plugin pinoutconfig (category:base,tabindex:0)
2026-10-02 15:27:26,227 [INFO] PluginManage:310 - Check plugin power
2026-10-02 15:27:26,245 [INFO] PluginManage:359 - Loaded plugin power (category:power,tabindex:4)
2026-10-02 15:27:26,245 [INFO] PluginManage:310 - Check plugin projectmanager
2026-10-02 15:27:26,287 [INFO] PluginManage:359 - Loaded plugin projectmanager (category:projectmanager,tabindex:4)
2026-10-02 15:27:26,287 [INFO] PluginManage:310 - Check plugin rif
2026-10-02 15:27:26,304 [INFO] PluginManage:359 - Loaded plugin rif (category:base,tabindex:3)
2026-10-02 15:27:26,304 [INFO] PluginManage:310 - Check plugin thirdparty
2026-10-02 15:27:26,561 [INFO] PluginManage:359 - Loaded plugin thirdparty (category:base,tabindex:-1)
2026-10-02 15:27:26,561 [WARN] IntegrityCheckThread:84 - waiting for thirdparty lock release [integrity check]
2026-10-02 15:27:26,561 [INFO] PluginManage:310 - Check plugin tools
2026-10-02 15:27:26,561 [INFO] IntegrityCheckThread:86 - entering critical section [integrity check]
2026-10-02 15:27:26,562 [INFO] ThirdPartyUpdaterWithRetryManager:70 - Updater plugin not ready yet. [1/15]
2026-10-02 15:27:26,564 [INFO] PluginManage:359 - Loaded plugin tools (category:base,tabindex:7)
2026-10-02 15:27:26,565 [INFO] PluginManage:310 - Check plugin tutovideos
2026-10-02 15:27:26,803 [INFO] PluginManage:359 - Loaded plugin tutovideos (category:base,tabindex:-1)
2026-10-02 15:27:26,804 [INFO] PluginManage:310 - Check plugin updater
2026-10-02 15:27:26,839 [INFO] PluginManage:359 - Loaded plugin updater (category:base,tabindex:12)
2026-10-02 15:27:26,839 [INFO] PluginManage:310 - Check plugin userauth
2026-10-02 15:27:26,847 [INFO] UserAuth:118 - Init User Auth plugin
2026-10-02 15:27:26,849 [INFO] PluginManage:359 - Loaded plugin userauth (category:base,tabindex:14)
2026-10-02 15:27:26,850 [INFO] PluginManage:283 - PluginManage : Loaded plugins [18]
2026-10-02 15:27:27,079 [INFO] PinOutPanel:1589 - setPackage(No Configuration,No Configuration)
2026-10-02 15:27:27,153 [INFO] CADModel:165 - CPN selected for project level
2026-10-02 15:27:27,154 [INFO] CADModel:114 - Register for checkConnection events
2026-10-02 15:27:27,167 [INFO] IPUIPlugin:80 - create IPUIPlugin
2026-10-02 15:27:27,168 [INFO] PluginManager:220 - loadIPPluginJar : add opamp
2026-10-02 15:27:27,169 [INFO] IPUIPlugin:80 - create IPUIPlugin
2026-10-02 15:27:27,170 [INFO] PluginManager:220 - loadIPPluginJar : add ucpd
2026-10-02 15:27:27,172 [INFO] IPUIPlugin:80 - create IPUIPlugin
2026-10-02 15:27:27,172 [INFO] PluginManager:220 - loadIPPluginJar : add usart
2026-10-02 15:27:27,177 [INFO] IPUIPlugin:80 - create IPUIPlugin
2026-10-02 15:27:27,177 [INFO] PluginManager:220 - loadIPPluginJar : add freertos
2026-10-02 15:27:27,178 [INFO] IPUIPlugin:80 - create IPUIPlugin
2026-10-02 15:27:27,179 [INFO] PluginManager:220 - loadIPPluginJar : add fatfs
2026-10-02 15:27:27,182 [INFO] IPUIPlugin:80 - create IPUIPlugin
2026-10-02 15:27:27,182 [INFO] PluginManager:220 - loadIPPluginJar : add nvic
2026-10-02 15:27:27,184 [INFO] IPUIPlugin:80 - create IPUIPlugin
2026-10-02 15:27:27,184 [INFO] PluginManager:220 - loadIPPluginJar : add tracer_emb
2026-10-02 15:27:27,187 [INFO] IPUIPlugin:80 - create IPUIPlugin
2026-10-02 15:27:27,187 [INFO] PluginManager:220 - loadIPPluginJar : add usbx
2026-10-02 15:27:27,192 [INFO] IPUIPlugin:80 - create IPUIPlugin
2026-10-02 15:27:27,195 [INFO] PluginManager:220 - loadIPPluginJar : add plateformsettings
2026-10-02 15:27:27,197 [INFO] IPUIPlugin:80 - create IPUIPlugin
2026-10-02 15:27:27,197 [INFO] PluginManager:220 - loadIPPluginJar : add gfxmmu
2026-10-02 15:27:27,199 [INFO] IPUIPlugin:80 - create IPUIPlugin
2026-10-02 15:27:27,199 [INFO] PluginManager:220 - loadIPPluginJar : add lorawan
2026-10-02 15:27:27,204 [INFO] IPUIPlugin:80 - create IPUIPlugin
2026-10-02 15:27:27,204 [INFO] PluginManager:220 - loadIPPluginJar : add gic
2026-10-02 15:27:27,206 [INFO] IPUIPlugin:80 - create IPUIPlugin
2026-10-02 15:27:27,206 [INFO] PluginManager:220 - loadIPPluginJar : add tim
2026-10-02 15:27:27,208 [INFO] IPUIPlugin:80 - create IPUIPlugin
2026-10-02 15:27:27,208 [INFO] PluginManager:220 - loadIPPluginJar : add hash
2026-10-02 15:27:27,210 [INFO] IPUIPlugin:80 - create IPUIPlugin
2026-10-02 15:27:27,210 [INFO] PluginManager:220 - loadIPPluginJar : add dfsdm
2026-10-02 15:27:27,213 [INFO] IPUIPlugin:80 - create IPUIPlugin
2026-10-02 15:27:27,213 [INFO] PluginManager:220 - loadIPPluginJar : add ipddr
2026-10-02 15:27:27,219 [INFO] IPUIPlugin:80 - create IPUIPlugin
2026-10-02 15:27:27,219 [INFO] PluginManager:220 - loadIPPluginJar : add adc
2026-10-02 15:27:27,221 [INFO] IPUIPlugin:80 - create IPUIPlugin
2026-10-02 15:27:27,221 [INFO] PluginManager:220 - loadIPPluginJar : add tsc
2026-10-02 15:27:27,223 [INFO] IPUIPlugin:80 - create IPUIPlugin
2026-10-02 15:27:27,223 [INFO] PluginManager:220 - loadIPPluginJar : add i2c
2026-10-02 15:27:27,226 [INFO] IPUIPlugin:80 - create IPUIPlugin
2026-10-02 15:27:27,226 [INFO] PluginManager:220 - loadIPPluginJar : add resmgrutility
2026-10-02 15:27:27,230 [INFO] IPUIPlugin:80 - create IPUIPlugin
2026-10-02 15:27:27,230 [INFO] PluginManager:220 - loadIPPluginJar : add fmc
2026-10-02 15:27:27,232 [INFO] IPUIPlugin:80 - create IPUIPlugin
2026-10-02 15:27:27,232 [INFO] PluginManager:220 - loadIPPluginJar : add spi
2026-10-02 15:27:27,234 [INFO] IPUIPlugin:80 - create IPUIPlugin
2026-10-02 15:27:27,235 [INFO] PluginManager:220 - loadIPPluginJar : add openamp
2026-10-02 15:27:27,238 [INFO] IPUIPlugin:80 - create IPUIPlugin
2026-10-02 15:27:27,239 [INFO] PluginManager:220 - loadIPPluginJar : add gpio
2026-10-02 15:27:27,245 [INFO] IPUIPlugin:80 - create IPUIPlugin
2026-10-02 15:27:27,245 [INFO] PluginManager:220 - loadIPPluginJar : add stm32_wpan
2026-10-02 15:27:27,247 [INFO] IPUIPlugin:80 - create IPUIPlugin
2026-10-02 15:27:27,248 [INFO] PluginManager:220 - loadIPPluginJar : add dma3
2026-10-02 15:27:27,249 [INFO] IPUIPlugin:80 - create IPUIPlugin
2026-10-02 15:27:27,249 [INFO] PluginManager:220 - loadIPPluginJar : add quadspi
2026-10-02 15:27:27,251 [INFO] IPUIPlugin:80 - create IPUIPlugin
2026-10-02 15:27:27,251 [INFO] PluginManager:220 - loadIPPluginJar : add radio
2026-10-02 15:27:27,259 [INFO] IPUIPlugin:80 - create IPUIPlugin
2026-10-02 15:27:27,259 [INFO] PluginManager:220 - loadIPPluginJar : add linkedlist
2026-10-02 15:27:27,261 [INFO] IPUIPlugin:80 - create IPUIPlugin
2026-10-02 15:27:27,261 [INFO] PluginManager:220 - loadIPPluginJar : add can
2026-10-02 15:27:27,267 [INFO] IPUIPlugin:80 - create IPUIPlugin
2026-10-02 15:27:27,267 [INFO] PluginManager:220 - loadIPPluginJar : add mdma
2026-10-02 15:27:27,268 [INFO] IPUIPlugin:80 - create IPUIPlugin
2026-10-02 15:27:27,268 [INFO] PluginManager:220 - loadIPPluginJar : add genericplugin
2026-10-02 15:27:27,270 [INFO] IPUIPlugin:80 - create IPUIPlugin
2026-10-02 15:27:27,271 [INFO] PluginManager:220 - loadIPPluginJar : add ddr_ctrl_phy
2026-10-02 15:27:27,272 [INFO] IPUIPlugin:80 - create IPUIPlugin
2026-10-02 15:27:27,272 [INFO] PluginManager:220 - loadIPPluginJar : add ts
2026-10-02 15:27:27,274 [INFO] IPUIPlugin:80 - create IPUIPlugin
2026-10-02 15:27:27,275 [INFO] PluginManager:220 - loadIPPluginJar : add gtzc
2026-10-02 15:27:27,277 [INFO] IPUIPlugin:80 - create IPUIPlugin
2026-10-02 15:27:27,277 [INFO] PluginManager:220 - loadIPPluginJar : add extmemmanager
2026-10-02 15:27:27,279 [INFO] IPUIPlugin:80 - create IPUIPlugin
2026-10-02 15:27:27,279 [INFO] PluginManager:220 - loadIPPluginJar : add cryp
2026-10-02 15:27:27,280 [INFO] IPUIPlugin:80 - create IPUIPlugin
2026-10-02 15:27:27,281 [INFO] PluginManager:220 - loadIPPluginJar : add comp
2026-10-02 15:27:27,281 [INFO] IPUIPlugin:80 - create IPUIPlugin
2026-10-02 15:27:27,282 [INFO] PluginManager:220 - loadIPPluginJar : add ltdc
2026-10-02 15:27:27,284 [INFO] IPUIPlugin:80 - create IPUIPlugin
2026-10-02 15:27:27,284 [INFO] PluginManager:220 - loadIPPluginJar : add pdm2pcm
2026-10-02 15:27:27,290 [INFO] IPUIPlugin:80 - create IPUIPlugin
2026-10-02 15:27:27,290 [INFO] PluginManager:220 - loadIPPluginJar : add dma
2026-10-02 15:27:27,292 [INFO] IPUIPlugin:80 - create IPUIPlugin
2026-10-02 15:27:27,293 [INFO] PluginManager:220 - loadIPPluginJar : add i3c
2026-10-02 15:27:27,294 [INFO] IPUIPlugin:80 - create IPUIPlugin
2026-10-02 15:27:27,295 [INFO] PluginManager:220 - loadIPPluginJar : add aes
2026-10-02 15:27:27,297 [INFO] IPUIPlugin:80 - create IPUIPlugin
2026-10-02 15:27:27,297 [INFO] PluginManager:220 - loadIPPluginJar : add i2s
2026-10-02 15:27:27,299 [INFO] IPUIPlugin:80 - create IPUIPlugin
2026-10-02 15:27:27,300 [INFO] PluginManager:220 - loadIPPluginJar : add touchsensing
2026-10-02 15:27:27,302 [INFO] IPUIPlugin:80 - create IPUIPlugin
2026-10-02 15:27:27,303 [INFO] PluginManager:220 - loadIPPluginJar : add sai
2026-10-02 15:27:27,413 [FATAL] Updater:351 - Updater called before beeing initialized
2026-10-02 15:27:27,442 [INFO] RulesReader:64 - Compatibility file has been processed (317 Rules)
2026-10-02 15:27:27,454 [INFO] RulesReader:64 - Compatibility file has been processed (317 Rules)
2026-10-02 15:27:27,462 [INFO] CADModel:165 - CPN selected for project level
2026-10-02 15:27:27,462 [INFO] CADModel:114 - Register for checkConnection events
2026-10-02 15:27:27,462 [FATAL] Updater:351 - Updater called before beeing initialized
2026-10-02 15:27:27,462 [ERROR] CADModel:125 - Updater not yet initialized, retry later 
2026-10-02 15:27:27,636 [FATAL] Updater:351 - Updater called before beeing initialized
2026-10-02 15:27:27,638 [INFO] CADModel:165 - CPN selected for project level
2026-10-02 15:27:27,638 [INFO] CADModel:114 - Register for checkConnection events
2026-10-02 15:27:27,638 [FATAL] Updater:351 - Updater called before beeing initialized
2026-10-02 15:27:27,638 [ERROR] CADModel:125 - Updater not yet initialized, retry later 
2026-10-02 15:27:27,642 [FATAL] Updater:351 - Updater called before beeing initialized
2026-10-02 15:27:27,836 [FATAL] Updater:351 - Updater called before beeing initialized
2026-10-02 15:27:27,844 [INFO] DbMcusAds:53 - JSON generation date=Tue Sep 22 14:25:15 CEST 2026 (1790079915614)
2026-10-02 15:27:27,844 [FATAL] Updater:351 - Updater called before beeing initialized
2026-10-02 15:27:27,890 [WARN] DetailPanel:346 - Failed to get advertising image, set to default
2026-10-02 15:27:28,039 [FATAL] Updater:351 - Updater called before beeing initialized
2026-10-02 15:27:28,041 [FATAL] Updater:351 - Updater called before beeing initialized
2026-10-02 15:27:28,041 [FATAL] Updater:351 - Updater called before beeing initialized
2026-10-02 15:27:28,042 [WARN] DetailPanel:346 - Failed to get advertising image, set to default
2026-10-02 15:27:28,042 [FATAL] Updater:351 - Updater called before beeing initialized
2026-10-02 15:27:28,083 [ERROR] Updater:1198 - MainUpdater not yet initialized. External WinMGr cannot be set.
2026-10-02 15:27:28,085 [INFO] Updater:1134 - Updater Version found : 6.15.0
2026-10-02 15:27:28,101 [INFO] ApplicationProperties:184 - Using Application install path: /home/mowibox/st/stm32cubeide_1.19.0_2/plugins/com.st.stm32cube.common.mx_6.15.0.202507011659
2026-10-02 15:27:28,564 [INFO] MainUpdater:2872 - connection check result : 10
2026-10-02 15:27:28,565 [INFO] MainUpdater:289 - Updater Check For Update Now.
2026-10-02 15:27:28,566 [INFO] MicroXplorer:498 - Change Database Version : DB.6.0.150
2026-10-02 15:27:28,570 [INFO] McuFinderGlobals:63 - Set McuFinder mode to 2 (CubeIDE integrated)
2026-10-02 15:27:28,570 [INFO] UserAuth:487 - Internet connection configuration mode: 1
2026-10-02 15:27:28,586 [INFO] JxBrowserEngine:152 - Initiate JxBrowser Engine with user profile folder
2026-10-02 15:27:28,930 [INFO] CheckServerUpdateThread:120 - End of CheckServer Thread
2026-10-02 15:27:29,531 [INFO] WebApp:169 - Instantiating new browser for Auth
2026-10-02 15:27:29,966 [WARN] PackLoader:240 - Cannot read IP mode file for STMicroelectronics.X-CUBE-AZRTOS-H7.3.5.0
2026-10-02 15:27:29,975 [WARN] PackLoader:240 - Cannot read IP mode file for STMicroelectronics.FP-ATR-ASTRA1.2.0.3
2026-10-02 15:27:29,978 [WARN] PackLoader:240 - Cannot read IP mode file for STMicroelectronics.FP-ATR-ASTRA1.2.0.2
2026-10-02 15:27:29,984 [ERROR] Engine:466 - /home/mowibox/.stm32cubemx/thirdparties/pdsc/STMicroelectronics.X-CUBE-SMBUS.2.1.1.pdsc: PDSC version is not supported
2026-10-02 15:27:29,986 [WARN] PackLoader:240 - Cannot read IP mode file for STMicroelectronics.X-CUBE-SMBUS.2.1.0
2026-10-02 15:27:30,004 [WARN] PackLoader:240 - Cannot read IP mode file for STMicroelectronics.X-CUBE-AZRTOS-F7.1.1.0
2026-10-02 15:27:30,014 [WARN] PackLoader:240 - Cannot read IP mode file for STMicroelectronics.X-CUBE-FREERTOS.1.6.0
2026-10-02 15:27:30,018 [WARN] PackLoader:240 - Cannot read IP mode file for STMicroelectronics.FP-SNS-MOTENV1.5.1.0
2026-10-02 15:27:30,040 [WARN] PackLoader:240 - Cannot read IP mode file for STMicroelectronics.X-CUBE-AZRTOS-H7RS.1.3.0
2026-10-02 15:27:30,050 [WARN] PackLoader:240 - Cannot read IP mode file for WES.I-CUBE-Cesium.1.4.0
2026-10-02 15:27:30,073 [WARN] PackLoader:240 - Cannot read IP mode file for STMicroelectronics.X-CUBE-AZRTOS-H7.3.4.0
2026-10-02 15:27:30,086 [WARN] PackLoader:240 - Cannot read IP mode file for STMicroelectronics.X-CUBE-DISPLAY.3.0.0
2026-10-02 15:27:30,097 [WARN] PackLoader:240 - Cannot read IP mode file for STMicroelectronics.X-CUBE-GNSS1.7.1.1
2026-10-02 15:27:30,102 [WARN] PackLoader:240 - Cannot read IP mode file for STMicroelectronics.FP-SNS-MOTENVWB1.1.5.0
2026-10-02 15:27:30,107 [WARN] PackLoader:240 - Cannot read IP mode file for STMicroelectronics.X-CUBE-NFC10.1.0.0
2026-10-02 15:27:30,113 [WARN] PackLoader:240 - Cannot read IP mode file for STMicroelectronics.X-CUBE-ST60.1.1.0
2026-10-02 15:27:30,137 [WARN] PackLoader:240 - Cannot read IP mode file for emotas.I-CUBE-CANOPEN.1.3.0
2026-10-02 15:27:30,149 [ERROR] Engine:466 - /home/mowibox/.stm32cubemx/thirdparties/pdsc/STMicroelectronics.X-CUBE-WBA.1.1.0.pdsc: PDSC version is not supported
2026-10-02 15:27:30,168 [WARN] PackLoader:240 - Cannot read IP mode file for STMicroelectronics.X-CUBE-GNSS1.7.1.0
2026-10-02 15:27:30,188 [WARN] PackLoader:240 - Cannot read IP mode file for STMicroelectronics.FP-SNS-STBOX1.2.1.0
2026-10-02 15:27:30,208 [WARN] PackLoader:240 - Cannot read IP mode file for STMicroelectronics.FP-SNS-SMARTAG2.1.2.0
2026-10-02 15:27:30,222 [WARN] PackLoader:240 - Cannot read IP mode file for STMicroelectronics.FP-SNS-FLIGHT1.5.1.0
2026-10-02 15:27:30,255 [INFO] LogOutputStream:77 - [STDOUT_REDIRECT] 1 : Invalid condition id : UX_CORESTACK_Condition cause : null
2026-10-02 15:27:30,256 [INFO] LogOutputStream:77 - [STDOUT_REDIRECT] 1 : Invalid condition id : UX_CORESTACK_Condition cause : null
2026-10-02 15:27:30,257 [INFO] LogOutputStream:77 - [STDOUT_REDIRECT] 1 : Invalid condition id : UX_CORESTACK_Condition cause : null
2026-10-02 15:27:30,258 [INFO] LogOutputStream:77 - [STDOUT_REDIRECT] 1 : Invalid condition id : UX_CORESTACK_Condition cause : null
2026-10-02 15:27:30,259 [INFO] LogOutputStream:77 - [STDOUT_REDIRECT] 1 : Invalid condition id : UX_CORESTACK_Condition cause : null
2026-10-02 15:27:30,304 [WARN] PackLoader:240 - Cannot read IP mode file for STMicroelectronics.X-CUBE-AZRTOS-WL.2.0.0
2026-10-02 15:27:30,376 [WARN] PackLoader:240 - Cannot read IP mode file for STMicroelectronics.X-CUBE-AZRTOS-H7RS.1.2.0
2026-10-02 15:27:30,397 [WARN] PackLoader:240 - Cannot read IP mode file for STMicroelectronics.X-CUBE-BLE2.3.3.0
2026-10-02 15:27:30,511 [WARN] PackLoader:240 - Cannot read IP mode file for Infineon.AIROC-Wi-Fi-Bluetooth-STM32.1.8.0
2026-10-02 15:27:30,538 [WARN] PackLoader:240 - Cannot read IP mode file for STMicroelectronics.X-CUBE-NFC9.1.0.0
2026-10-02 15:27:30,551 [WARN] PackLoader:240 - Cannot read IP mode file for STMicroelectronics.X-CUBE-BLE1.7.1.0
2026-10-02 15:27:30,558 [WARN] PackLoader:240 - Cannot read IP mode file for wolfSSL.I-CUBE-wolfMQTT.1.19.2
2026-10-02 15:27:30,569 [WARN] PackLoader:240 - Cannot read IP mode file for STMicroelectronics.X-CUBE-FREERTOS.1.4.0
2026-10-02 15:27:30,581 [WARN] PackLoader:240 - Cannot read IP mode file for STMicroelectronics.X-CUBE-EEPRMA1.5.2.0
2026-10-02 15:27:30,596 [WARN] PackLoader:240 - Cannot read IP mode file for wolfSSL.I-CUBE-wolfSSL.5.8.4
2026-10-02 15:27:30,605 [WARN] PackLoader:240 - Cannot read IP mode file for Cesanta.I-CUBE-Mongoose.7.20.0
2026-10-02 15:27:30,768 [WARN] PackLoader:240 - Cannot read IP mode file for STMicroelectronics.X-CUBE-MEMS1.12.0.0
2026-10-02 15:27:30,933 [INFO] WebApp:463 - Apply proxy settings
2026-10-02 15:27:30,934 [INFO] WebApp:548 - Chromium requires no authentication
2026-10-02 15:27:30,944 [INFO] WebApp:491 - Direct internet connection detected
2026-10-02 15:27:30,975 [INFO] WebApp:900 - Register for checkConnection events
2026-10-02 15:27:30,975 [INFO] WebApp:463 - Apply proxy settings
2026-10-02 15:27:30,976 [INFO] WebApp:548 - Chromium requires no authentication
2026-10-02 15:27:30,977 [INFO] WebApp:491 - Direct internet connection detected
2026-10-02 15:27:31,030 [WARN] PackLoader:240 - Cannot read IP mode file for STMicroelectronics.X-CUBE-AZRTOS-G0.1.1.0
2026-10-02 15:27:31,046 [WARN] PackLoader:240 - Cannot read IP mode file for STMicroelectronics.X-CUBE-NFC4.3.0.0
2026-10-02 15:27:31,061 [WARN] PackLoader:240 - Cannot read IP mode file for EmbeddedOffice.I-CUBE-FS-RTOS.1.0.1
2026-10-02 15:27:31,071 [WARN] PackLoader:240 - Cannot read IP mode file for STMicroelectronics.X-CUBE-WB05N.2.0.0
2026-10-02 15:27:31,078 [WARN] PackLoader:240 - Cannot read IP mode file for wolfSSL.I-CUBE-wolfTPM.3.8.0
2026-10-02 15:27:31,088 [WARN] PackLoader:240 - Cannot read IP mode file for STMicroelectronics.X-CUBE-TCPP.4.2.0
2026-10-02 15:27:31,097 [WARN] PackLoader:240 - Cannot read IP mode file for RealThread.X-CUBE-RT-Thread_Nano.4.1.1
2026-10-02 15:27:31,103 [WARN] PackLoader:240 - Cannot read IP mode file for STMicroelectronics.FP-ATR-SIGFOX1.3.2.0
2026-10-02 15:27:31,112 [WARN] PackLoader:240 - Cannot read IP mode file for STMicroelectronics.X-CUBE-FREERTOS.1.5.0
2026-10-02 15:27:31,122 [WARN] PackLoader:240 - Cannot read IP mode file for ITTIA_DB.I-CUBE-ITTIADB.8.9.0
2026-10-02 15:27:31,134 [WARN] PackLoader:240 - Cannot read IP mode file for STMicroelectronics.X-CUBE-NFC6.3.2.0
2026-10-02 15:27:31,145 [WARN] PackLoader:240 - Cannot read IP mode file for STMicroelectronics.X-CUBE-AI.10.2.1
2026-10-02 15:27:31,150 [WARN] PackLoader:240 - Cannot read IP mode file for STMicroelectronics.X-CUBE-AI.10.2.0
2026-10-02 15:27:31,218 [WARN] PackLoader:240 - Cannot read IP mode file for SEGGER.I-CUBE-embOS.1.3.1
2026-10-02 15:27:31,245 [INFO] WebApp:225 - Starting web application
2026-10-02 15:27:31,245 [INFO] WebApp:593 - Web application path used /home/mowibox/st/stm32cubeide_1.19.0_2/plugins/com.st.stm32cube.common.mx_6.15.0.202507011659/db/plugins/mcufinder/reactClient1/index.html
2026-10-02 15:27:31,287 [INFO] WebApp:191 - Connection restablished
2026-10-02 15:27:31,327 [WARN] PackLoader:240 - Cannot read IP mode file for STMicroelectronics.X-CUBE-ALGOBUILD.1.4.0
2026-10-02 15:27:31,336 [ERROR] Engine:466 - /home/mowibox/.stm32cubemx/thirdparties/pdsc/STMicroelectronics.FP-SNS-STAIOTCFT.2.0.0.pdsc: PDSC version is not supported
2026-10-02 15:27:31,353 [WARN] PackLoader:240 - Cannot read IP mode file for STMicroelectronics.X-CUBE-NFC13.1.0.0
2026-10-02 15:27:31,365 [WARN] PackLoader:240 - Cannot read IP mode file for STMicroelectronics.X-CUBE-PM33A1.1.0.0
2026-10-02 15:27:31,405 [WARN] PackLoader:240 - Cannot read IP mode file for STMicroelectronics.X-CUBE-AZRTOS-F4.1.1.0
2026-10-02 15:27:31,422 [WARN] PackLoader:240 - Cannot read IP mode file for STMicroelectronics.X-CUBE-ISPU.2.1.0
2026-10-02 15:27:31,454 [WARN] PackLoader:240 - Cannot read IP mode file for STMicroelectronics.X-CUBE-IPS.3.2.0
2026-10-02 15:27:31,467 [WARN] PackLoader:240 - Cannot read IP mode file for STMicroelectronics.eDS-WB_DPC_TT-BIDIR.2.1.1
2026-10-02 15:27:31,482 [WARN] PackLoader:240 - Cannot read IP mode file for STMicroelectronics.X-CUBE-NFC12.1.0.0
2026-10-02 15:27:31,535 [WARN] PackLoader:240 - Cannot read IP mode file for STMicroelectronics.X-CUBE-AZRTOS-L5.2.0.0
2026-10-02 15:27:31,554 [WARN] PackLoader:240 - Cannot read IP mode file for STMicroelectronics.X-CUBE-ALGOBUILD.1.5.0
2026-10-02 15:27:31,560 [WARN] PackLoader:240 - Cannot read IP mode file for STMicroelectronics.eDS-WB_DPC_VIENNA.1.2.0
2026-10-02 15:27:31,594 [INFO] UserAuth:487 - Internet connection configuration mode: 1
2026-10-02 15:27:31,693 [WARN] PackLoader:240 - Cannot read IP mode file for STMicroelectronics.X-CUBE-MEMS1.13.0.0
2026-10-02 15:27:32,029 [WARN] PackLoader:240 - Cannot read IP mode file for STMicroelectronics.eDS-WB_DPC_3PH2L-BIDIR.1.1.1
2026-10-02 15:27:32,036 [ERROR] Engine:466 - /home/mowibox/.stm32cubemx/thirdparties/pdsc/STMicroelectronics.X-CUBE-ST67W61.1.3.0.pdsc: PDSC version is not supported
2026-10-02 15:27:32,044 [WARN] PackLoader:240 - Cannot read IP mode file for STMicroelectronics.X-CUBE-TOUCHGFX.4.26.0
2026-10-02 15:27:32,050 [WARN] PackLoader:240 - Cannot read IP mode file for STMicroelectronics.X-CUBE-TOUCHGFX.4.26.1
2026-10-02 15:27:32,060 [WARN] PackLoader:240 - Cannot read IP mode file for STMicroelectronics.FP-SNS-STAIOTCFT.1.0.0
2026-10-02 15:27:32,077 [WARN] PackLoader:240 - Cannot read IP mode file for STMicroelectronics.X-CUBE-DPower.1.3.0
2026-10-02 15:27:32,131 [WARN] ConditionMgr:438 - getConditionDescription Invalid condition id : LAN8742 Phy interface Condition cause : null
2026-10-02 15:27:32,133 [WARN] PackLoader:240 - Cannot read IP mode file for STMicroelectronics.X-CUBE-AZRTOS-L4.2.0.0
2026-10-02 15:27:32,137 [WARN] ConditionMgr:1044 - genDependencies : Invalid condition id : LAN8742 Phy interface Condition cause : null
2026-10-02 15:27:32,137 [WARN] ConditionMgr:1044 - genDependencies : Invalid condition id : LAN8742 Phy interface Condition cause : null
2026-10-02 15:27:32,139 [WARN] ConditionMgr:1044 - genDependencies : Invalid condition id : LAN8742 Phy interface Condition cause : null
2026-10-02 15:27:32,155 [WARN] PackLoader:240 - Cannot read IP mode file for STMicroelectronics.X-CUBE-SFXS2LP1.4.0.0
2026-10-02 15:27:32,171 [WARN] PackLoader:240 - Cannot read IP mode file for STMicroelectronics.X-CUBE-WB05N.2.1.0
2026-10-02 15:27:32,185 [WARN] PackLoader:240 - Cannot read IP mode file for STMicroelectronics.X-CUBE-ST67W61.1.2.0
2026-10-02 15:27:32,204 [WARN] PackLoader:240 - Cannot read IP mode file for STMicroelectronics.X-CUBE-BLEMGR.4.1.0
2026-10-02 15:27:32,232 [WARN] ConditionMgr:438 - getConditionDescription Invalid condition id : UX DEVICE CLASS RTOS Condition cause : null
2026-10-02 15:27:32,232 [WARN] ConditionMgr:438 - getConditionDescription Invalid condition id : UX DEVICE CLASS RTOS Condition cause : null
2026-10-02 15:27:32,236 [WARN] PackLoader:240 - Cannot read IP mode file for STMicroelectronics.X-CUBE-AZRTOS-WB.2.0.0
2026-10-02 15:27:32,237 [WARN] ConditionMgr:1044 - genDependencies : Invalid condition id : UX DEVICE CLASS RTOS Condition cause : null
2026-10-02 15:27:32,237 [WARN] ConditionMgr:1044 - genDependencies : Invalid condition id : UX DEVICE CLASS RTOS Condition cause : null
2026-10-02 15:27:32,238 [WARN] ConditionMgr:1044 - genDependencies : Invalid condition id : UX DEVICE CLASS RTOS Condition cause : null
2026-10-02 15:27:32,239 [WARN] ConditionMgr:1044 - genDependencies : Invalid condition id : UX DEVICE CLASS RTOS Condition cause : null
2026-10-02 15:27:32,239 [WARN] ConditionMgr:1044 - genDependencies : Invalid condition id : UX DEVICE CLASS RTOS Condition cause : null
2026-10-02 15:27:32,245 [WARN] ConditionMgr:438 - getConditionDescription Invalid condition id : Cortex-A Device cause : null
2026-10-02 15:27:32,263 [WARN] ConditionMgr:1044 - genDependencies : Invalid condition id : Cortex-A Device cause : null
2026-10-02 15:27:32,263 [WARN] ConditionMgr:1044 - genDependencies : Invalid condition id : Cortex-A Device cause : null
2026-10-02 15:27:32,263 [WARN] ConditionMgr:1044 - genDependencies : Invalid condition id : Cortex-A Device cause : null
2026-10-02 15:27:32,275 [WARN] PackLoader:240 - Cannot read IP mode file for STMicroelectronics.X-CUBE-STSE01.2.0.0
2026-10-02 15:27:32,298 [WARN] PackLoader:240 - Cannot read IP mode file for STMicroelectronics.X-CUBE-SUBG2.5.0.0
2026-10-02 15:27:32,340 [WARN] PackLoader:240 - Cannot read IP mode file for STMicroelectronics.X-CUBE-AZRTOS-G4.2.0.0
2026-10-02 15:27:32,351 [WARN] PackLoader:240 - Cannot read IP mode file for wolfSSL.I-CUBE-wolfSSH.1.4.20
2026-10-02 15:27:32,361 [WARN] PackLoader:240 - Cannot read IP mode file for STMicroelectronics.X-CUBE-NFC7.2.0.0
2026-10-02 15:27:32,372 [ERROR] Engine:466 - /home/mowibox/.stm32cubemx/thirdparties/pdsc/STMicroelectronics.X-CUBE-BLEMGR.4.2.0.pdsc: PDSC version is not supported
2026-10-02 15:27:32,381 [WARN] PackLoader:240 - Cannot read IP mode file for STMicroelectronics.X-CUBE-ALS.1.0.2
2026-10-02 15:27:32,408 [WARN] PackLoader:240 - Cannot read IP mode file for STMicroelectronics.X-CUBE-TOF1.3.4.3
2026-10-02 15:27:32,437 [INFO] ThirdParty:978 - Integrity check success = true
2026-10-02 15:27:32,437 [INFO] IntegrityCheckThread:100 - exiting critical section [integrity check]
2026-10-02 15:27:32,438 [INFO] IntegrityCheckThread:103 - End integrity checks thread
2026-10-02 15:53:51,875 [ERROR] LogOutputStream:75 - [STDERR_REDIRECT] 
