2026-09-22 22:41:48,058 [INFO] Activator:176 - 


2026-09-22 22:41:48,067 [INFO] Activator:177 - !SESSION log4j initialized
2026-09-22 22:41:51,653 [INFO] LogOutputStream:77 - [STDOUT_REDIRECT] 
2026-09-22 22:41:54,346 [INFO] ApplicationProperties:184 - Using Application install path: /home/mowibox/st/stm32cubeide_1.19.0_2/plugins/com.st.stm32cube.common.mx_6.15.0.202507011659
2026-09-22 22:41:54,370 [INFO] DbMcusXml:78 - Set database path to: /home/mowibox/st/stm32cubeide_1.19.0_2/plugins/com.st.stm32cube.common.mx_6.15.0.202507011659//db//mcu/
2026-09-22 22:41:54,371 [INFO] ApiDb:274 - Set plugin database path to: /home/mowibox/st/stm32cubeide_1.19.0_2/plugins/com.st.stm32cube.common.mx_6.15.0.202507011659//db//plugins/boardmanager/
2026-09-22 22:41:54,371 [WARN] ApiDb:259 - Overriding images path with different value:  => /home/mowibox/st/stm32cubeide_1.19.0_2/plugins/com.st.stm32cube.common.mx_6.15.0.202507011659//db//plugins/mcufinder/images/
2026-09-22 22:41:54,375 [INFO] ApiDb:250 - Set database path to: /home/mowibox/.stmcufinder/plugins/mcufinder//mcu/
2026-09-22 22:41:54,378 [INFO] DbMcusAds:125 - Set database path to: /home/mowibox/.stmcufinder/plugins/mcufinder//mcu/
2026-09-22 22:41:54,380 [INFO] CrossReferenceDbSqlite:203 - Set database path to: /home/mowibox/.stmcufinder/plugins/mcufinder//mcu/cs/
2026-09-22 22:41:54,556 [INFO] RulesReader:64 - Compatibility file has been processed (317 Rules)
2026-09-22 22:41:54,648 [INFO] DbMcusXml:78 - Set database path to: /home/mowibox/st/stm32cubeide_1.19.0_2/plugins/com.st.stm32cube.common.mx_6.15.0.202507011659//db//mcu/
2026-09-22 22:41:54,649 [INFO] ApiDb:274 - Set plugin database path to: /home/mowibox/st/stm32cubeide_1.19.0_2/plugins/com.st.stm32cube.common.mx_6.15.0.202507011659//db//plugins/boardmanager/
2026-09-22 22:41:54,649 [INFO] ApiDb:261 - Set plugin images path to: /home/mowibox/st/stm32cubeide_1.19.0_2/plugins/com.st.stm32cube.common.mx_6.15.0.202507011659//db//plugins/mcufinder/images/
2026-09-22 22:41:54,650 [WARN] DbFile:41 - Overriding database path with different value: /home/mowibox/.stmcufinder/plugins/mcufinder/ => /home/mowibox/.stmcufinder/plugins/mcufinder
2026-09-22 22:41:54,651 [INFO] ApiDb:250 - Set database path to: /home/mowibox/.stmcufinder/plugins/mcufinder//mcu/
2026-09-22 22:41:54,651 [WARN] DbFile:41 - Overriding database path with different value: /home/mowibox/.stmcufinder/plugins/mcufinder/ => /home/mowibox/.stmcufinder/plugins/mcufinder
2026-09-22 22:41:54,651 [INFO] DbMcusAds:125 - Set database path to: /home/mowibox/.stmcufinder/plugins/mcufinder//mcu/
2026-09-22 22:41:54,652 [WARN] DbFile:41 - Overriding database path with different value: /home/mowibox/.stmcufinder/plugins/mcufinder/ => /home/mowibox/.stmcufinder/plugins/mcufinder
2026-09-22 22:41:54,652 [WARN] DbFile:41 - Overriding database path with different value: /home/mowibox/.stmcufinder/plugins/mcufinder/ => /home/mowibox/.stmcufinder/plugins/mcufinder
2026-09-22 22:41:54,652 [INFO] CrossReferenceDbSqlite:203 - Set database path to: /home/mowibox/.stmcufinder/plugins/mcufinder//mcu/cs/
2026-09-22 22:41:54,738 [INFO] MainPanel:274 - HeapMemory: 268435456
2026-09-22 22:41:54,879 [INFO] DbMcusXml:78 - Set database path to: /home/mowibox/st/stm32cubeide_1.19.0_2/plugins/com.st.stm32cube.common.mx_6.15.0.202507011659//db//mcu/
2026-09-22 22:41:54,879 [INFO] ApiDb:274 - Set plugin database path to: /home/mowibox/st/stm32cubeide_1.19.0_2/plugins/com.st.stm32cube.common.mx_6.15.0.202507011659//db//plugins/boardmanager/
2026-09-22 22:41:54,880 [INFO] ApiDb:261 - Set plugin images path to: /home/mowibox/st/stm32cubeide_1.19.0_2/plugins/com.st.stm32cube.common.mx_6.15.0.202507011659//db//plugins/mcufinder/images/
2026-09-22 22:41:54,880 [WARN] DbFile:41 - Overriding database path with different value: /home/mowibox/.stmcufinder/plugins/mcufinder/ => /home/mowibox/.stmcufinder/plugins/mcufinder
2026-09-22 22:41:54,880 [INFO] ApiDb:250 - Set database path to: /home/mowibox/.stmcufinder/plugins/mcufinder//mcu/
2026-09-22 22:41:54,880 [WARN] DbFile:41 - Overriding database path with different value: /home/mowibox/.stmcufinder/plugins/mcufinder/ => /home/mowibox/.stmcufinder/plugins/mcufinder
2026-09-22 22:41:54,881 [INFO] DbMcusAds:125 - Set database path to: /home/mowibox/.stmcufinder/plugins/mcufinder//mcu/
2026-09-22 22:41:54,881 [WARN] DbFile:41 - Overriding database path with different value: /home/mowibox/.stmcufinder/plugins/mcufinder/ => /home/mowibox/.stmcufinder/plugins/mcufinder
2026-09-22 22:41:54,881 [WARN] DbFile:41 - Overriding database path with different value: /home/mowibox/.stmcufinder/plugins/mcufinder/ => /home/mowibox/.stmcufinder/plugins/mcufinder
2026-09-22 22:41:54,881 [INFO] CrossReferenceDbSqlite:203 - Set database path to: /home/mowibox/.stmcufinder/plugins/mcufinder//mcu/cs/
2026-09-22 22:41:54,901 [INFO] ApplicationProperties:184 - Using Application install path: /home/mowibox/st/stm32cubeide_1.19.0_2/plugins/com.st.stm32cube.common.mx_6.15.0.202507011659
2026-09-22 22:41:54,904 [INFO] PluginManage:196 - Search for loadable plugins [exclusion list=, ]
2026-09-22 22:41:54,906 [INFO] PluginManage:310 - Check plugin analytics
2026-09-22 22:41:55,133 [INFO] AnalyticsPlugin:253 - Accepted Software Licenses: 
2026-09-22 22:41:55,133 [INFO] AnalyticsPlugin:255 - Accepted CMSIS Pack Licenses: 
2026-09-22 22:41:55,134 [INFO] AnalyticsPlugin:257 - Accepted Firmware Licenses: FW.G4.1.6.0
2026-09-22 22:41:55,136 [INFO] PluginManage:359 - Loaded plugin analytics (category:tool,tabindex:-1)
2026-09-22 22:41:55,137 [INFO] PluginManage:310 - Check plugin cadmodel
2026-09-22 22:41:55,140 [INFO] CADModel:105 - Init CAD model plugin
2026-09-22 22:41:55,140 [INFO] PluginManage:359 - Loaded plugin cadmodel (category:power,tabindex:5)
2026-09-22 22:41:55,141 [INFO] PluginManage:310 - Check plugin clock
2026-09-22 22:41:55,150 [INFO] PluginManage:359 - Loaded plugin clock (category:base,tabindex:2)
2026-09-22 22:41:55,150 [INFO] PluginManage:310 - Check plugin ddr
2026-09-22 22:41:55,153 [INFO] PluginManage:359 - Loaded plugin ddr (category:tool,tabindex:6)
2026-09-22 22:41:55,153 [INFO] PluginManage:310 - Check plugin filemanager
2026-09-22 22:41:55,362 [INFO] PluginManage:359 - Loaded plugin filemanager (category:base,tabindex:10)
2026-09-22 22:41:55,362 [INFO] PluginManage:310 - Check plugin ipmanager
2026-09-22 22:41:55,378 [INFO] PluginManage:359 - Loaded plugin ipmanager (category:base,tabindex:5)
2026-09-22 22:41:55,379 [INFO] PluginManage:310 - Check plugin lpbam
2026-09-22 22:41:55,400 [INFO] PluginManage:359 - Loaded plugin lpbam (category:base,tabindex:0)
2026-09-22 22:41:55,401 [INFO] PluginManage:310 - Check plugin memorymap
2026-09-22 22:41:55,424 [INFO] PluginManage:359 - Loaded plugin memorymap (category:base,tabindex:4)
2026-09-22 22:41:55,425 [INFO] PluginManage:310 - Check plugin pinoutandconfiguration
2026-09-22 22:41:55,441 [INFO] PluginManage:359 - Loaded plugin pinoutandconfiguration (category:base,tabindex:1)
2026-09-22 22:41:55,441 [INFO] PluginManage:310 - Check plugin pinoutconfig
2026-09-22 22:41:55,763 [WARN] SupportedApi:132 - Cannot load RTOS API schema: s4s-elt-must-match.1: The content of 'definitions' must match (annotation?, (simpleType | complexType)?, (unique | key | keyref)*)). A problem was found starting at: attribute.
2026-09-22 22:41:56,057 [INFO] PluginManage:359 - Loaded plugin pinoutconfig (category:base,tabindex:0)
2026-09-22 22:41:56,058 [INFO] PluginManage:310 - Check plugin power
2026-09-22 22:41:56,080 [INFO] PluginManage:359 - Loaded plugin power (category:power,tabindex:4)
2026-09-22 22:41:56,080 [INFO] PluginManage:310 - Check plugin projectmanager
2026-09-22 22:41:56,119 [INFO] PluginManage:359 - Loaded plugin projectmanager (category:projectmanager,tabindex:4)
2026-09-22 22:41:56,119 [INFO] PluginManage:310 - Check plugin rif
2026-09-22 22:41:56,133 [INFO] PluginManage:359 - Loaded plugin rif (category:base,tabindex:3)
2026-09-22 22:41:56,133 [INFO] PluginManage:310 - Check plugin thirdparty
2026-09-22 22:41:56,419 [INFO] PluginManage:359 - Loaded plugin thirdparty (category:base,tabindex:-1)
2026-09-22 22:41:56,419 [WARN] IntegrityCheckThread:84 - waiting for thirdparty lock release [integrity check]
2026-09-22 22:41:56,420 [INFO] PluginManage:310 - Check plugin tools
2026-09-22 22:41:56,420 [INFO] IntegrityCheckThread:86 - entering critical section [integrity check]
2026-09-22 22:41:56,421 [INFO] ThirdPartyUpdaterWithRetryManager:70 - Updater plugin not ready yet. [1/15]
2026-09-22 22:41:56,425 [INFO] PluginManage:359 - Loaded plugin tools (category:base,tabindex:7)
2026-09-22 22:41:56,425 [INFO] PluginManage:310 - Check plugin tutovideos
2026-09-22 22:41:56,691 [INFO] PluginManage:359 - Loaded plugin tutovideos (category:base,tabindex:-1)
2026-09-22 22:41:56,691 [INFO] PluginManage:310 - Check plugin updater
2026-09-22 22:41:56,719 [INFO] PluginManage:359 - Loaded plugin updater (category:base,tabindex:12)
2026-09-22 22:41:56,720 [INFO] PluginManage:310 - Check plugin userauth
2026-09-22 22:41:56,729 [INFO] UserAuth:118 - Init User Auth plugin
2026-09-22 22:41:56,731 [INFO] PluginManage:359 - Loaded plugin userauth (category:base,tabindex:14)
2026-09-22 22:41:56,732 [INFO] PluginManage:283 - PluginManage : Loaded plugins [18]
2026-09-22 22:41:57,067 [INFO] PinOutPanel:1589 - setPackage(No Configuration,No Configuration)
2026-09-22 22:41:57,206 [INFO] CADModel:165 - CPN selected for project level
2026-09-22 22:41:57,206 [INFO] CADModel:114 - Register for checkConnection events
2026-09-22 22:41:57,219 [INFO] IPUIPlugin:80 - create IPUIPlugin
2026-09-22 22:41:57,219 [INFO] PluginManager:220 - loadIPPluginJar : add opamp
2026-09-22 22:41:57,220 [INFO] IPUIPlugin:80 - create IPUIPlugin
2026-09-22 22:41:57,220 [INFO] PluginManager:220 - loadIPPluginJar : add ucpd
2026-09-22 22:41:57,221 [INFO] IPUIPlugin:80 - create IPUIPlugin
2026-09-22 22:41:57,221 [INFO] PluginManager:220 - loadIPPluginJar : add usart
2026-09-22 22:41:57,228 [INFO] IPUIPlugin:80 - create IPUIPlugin
2026-09-22 22:41:57,228 [INFO] PluginManager:220 - loadIPPluginJar : add freertos
2026-09-22 22:41:57,230 [INFO] IPUIPlugin:80 - create IPUIPlugin
2026-09-22 22:41:57,230 [INFO] PluginManager:220 - loadIPPluginJar : add fatfs
2026-09-22 22:41:57,235 [INFO] IPUIPlugin:80 - create IPUIPlugin
2026-09-22 22:41:57,235 [INFO] PluginManager:220 - loadIPPluginJar : add nvic
2026-09-22 22:41:57,238 [INFO] IPUIPlugin:80 - create IPUIPlugin
2026-09-22 22:41:57,238 [INFO] PluginManager:220 - loadIPPluginJar : add tracer_emb
2026-09-22 22:41:57,242 [INFO] IPUIPlugin:80 - create IPUIPlugin
2026-09-22 22:41:57,242 [INFO] PluginManager:220 - loadIPPluginJar : add usbx
2026-09-22 22:41:57,249 [INFO] IPUIPlugin:80 - create IPUIPlugin
2026-09-22 22:41:57,253 [INFO] PluginManager:220 - loadIPPluginJar : add plateformsettings
2026-09-22 22:41:57,255 [INFO] IPUIPlugin:80 - create IPUIPlugin
2026-09-22 22:41:57,256 [INFO] PluginManager:220 - loadIPPluginJar : add gfxmmu
2026-09-22 22:41:57,261 [INFO] IPUIPlugin:80 - create IPUIPlugin
2026-09-22 22:41:57,261 [INFO] PluginManager:220 - loadIPPluginJar : add lorawan
2026-09-22 22:41:57,266 [INFO] IPUIPlugin:80 - create IPUIPlugin
2026-09-22 22:41:57,267 [INFO] PluginManager:220 - loadIPPluginJar : add gic
2026-09-22 22:41:57,268 [INFO] IPUIPlugin:80 - create IPUIPlugin
2026-09-22 22:41:57,268 [INFO] PluginManager:220 - loadIPPluginJar : add tim
2026-09-22 22:41:57,269 [INFO] IPUIPlugin:80 - create IPUIPlugin
2026-09-22 22:41:57,270 [INFO] PluginManager:220 - loadIPPluginJar : add hash
2026-09-22 22:41:57,271 [INFO] IPUIPlugin:80 - create IPUIPlugin
2026-09-22 22:41:57,271 [INFO] PluginManager:220 - loadIPPluginJar : add dfsdm
2026-09-22 22:41:57,277 [INFO] IPUIPlugin:80 - create IPUIPlugin
2026-09-22 22:41:57,277 [INFO] PluginManager:220 - loadIPPluginJar : add ipddr
2026-09-22 22:41:57,290 [INFO] IPUIPlugin:80 - create IPUIPlugin
2026-09-22 22:41:57,291 [INFO] PluginManager:220 - loadIPPluginJar : add adc
2026-09-22 22:41:57,295 [INFO] IPUIPlugin:80 - create IPUIPlugin
2026-09-22 22:41:57,295 [INFO] PluginManager:220 - loadIPPluginJar : add tsc
2026-09-22 22:41:57,301 [INFO] IPUIPlugin:80 - create IPUIPlugin
2026-09-22 22:41:57,301 [INFO] PluginManager:220 - loadIPPluginJar : add i2c
2026-09-22 22:41:57,310 [INFO] IPUIPlugin:80 - create IPUIPlugin
2026-09-22 22:41:57,310 [INFO] PluginManager:220 - loadIPPluginJar : add resmgrutility
2026-09-22 22:41:57,316 [INFO] IPUIPlugin:80 - create IPUIPlugin
2026-09-22 22:41:57,317 [INFO] PluginManager:220 - loadIPPluginJar : add fmc
2026-09-22 22:41:57,319 [INFO] IPUIPlugin:80 - create IPUIPlugin
2026-09-22 22:41:57,319 [INFO] PluginManager:220 - loadIPPluginJar : add spi
2026-09-22 22:41:57,321 [INFO] IPUIPlugin:80 - create IPUIPlugin
2026-09-22 22:41:57,321 [INFO] PluginManager:220 - loadIPPluginJar : add openamp
2026-09-22 22:41:57,328 [INFO] IPUIPlugin:80 - create IPUIPlugin
2026-09-22 22:41:57,328 [INFO] PluginManager:220 - loadIPPluginJar : add gpio
2026-09-22 22:41:57,338 [INFO] IPUIPlugin:80 - create IPUIPlugin
2026-09-22 22:41:57,338 [INFO] PluginManager:220 - loadIPPluginJar : add stm32_wpan
2026-09-22 22:41:57,341 [INFO] IPUIPlugin:80 - create IPUIPlugin
2026-09-22 22:41:57,341 [INFO] PluginManager:220 - loadIPPluginJar : add dma3
2026-09-22 22:41:57,344 [INFO] IPUIPlugin:80 - create IPUIPlugin
2026-09-22 22:41:57,345 [INFO] PluginManager:220 - loadIPPluginJar : add quadspi
2026-09-22 22:41:57,346 [INFO] IPUIPlugin:80 - create IPUIPlugin
2026-09-22 22:41:57,347 [INFO] PluginManager:220 - loadIPPluginJar : add radio
2026-09-22 22:41:57,355 [INFO] IPUIPlugin:80 - create IPUIPlugin
2026-09-22 22:41:57,355 [INFO] PluginManager:220 - loadIPPluginJar : add linkedlist
2026-09-22 22:41:57,359 [INFO] IPUIPlugin:80 - create IPUIPlugin
2026-09-22 22:41:57,359 [INFO] PluginManager:220 - loadIPPluginJar : add can
2026-09-22 22:41:57,367 [INFO] IPUIPlugin:80 - create IPUIPlugin
2026-09-22 22:41:57,367 [INFO] PluginManager:220 - loadIPPluginJar : add mdma
2026-09-22 22:41:57,368 [INFO] IPUIPlugin:80 - create IPUIPlugin
2026-09-22 22:41:57,369 [INFO] PluginManager:220 - loadIPPluginJar : add genericplugin
2026-09-22 22:41:57,371 [INFO] IPUIPlugin:80 - create IPUIPlugin
2026-09-22 22:41:57,371 [INFO] PluginManager:220 - loadIPPluginJar : add ddr_ctrl_phy
2026-09-22 22:41:57,373 [INFO] IPUIPlugin:80 - create IPUIPlugin
2026-09-22 22:41:57,373 [INFO] PluginManager:220 - loadIPPluginJar : add ts
2026-09-22 22:41:57,377 [INFO] IPUIPlugin:80 - create IPUIPlugin
2026-09-22 22:41:57,377 [INFO] PluginManager:220 - loadIPPluginJar : add gtzc
2026-09-22 22:41:57,381 [INFO] IPUIPlugin:80 - create IPUIPlugin
2026-09-22 22:41:57,381 [INFO] PluginManager:220 - loadIPPluginJar : add extmemmanager
2026-09-22 22:41:57,384 [INFO] IPUIPlugin:80 - create IPUIPlugin
2026-09-22 22:41:57,384 [INFO] PluginManager:220 - loadIPPluginJar : add cryp
2026-09-22 22:41:57,386 [INFO] IPUIPlugin:80 - create IPUIPlugin
2026-09-22 22:41:57,387 [INFO] PluginManager:220 - loadIPPluginJar : add comp
2026-09-22 22:41:57,388 [INFO] IPUIPlugin:80 - create IPUIPlugin
2026-09-22 22:41:57,388 [INFO] PluginManager:220 - loadIPPluginJar : add ltdc
2026-09-22 22:41:57,392 [INFO] IPUIPlugin:80 - create IPUIPlugin
2026-09-22 22:41:57,393 [INFO] PluginManager:220 - loadIPPluginJar : add pdm2pcm
2026-09-22 22:41:57,400 [INFO] IPUIPlugin:80 - create IPUIPlugin
2026-09-22 22:41:57,400 [INFO] PluginManager:220 - loadIPPluginJar : add dma
2026-09-22 22:41:57,403 [INFO] IPUIPlugin:80 - create IPUIPlugin
2026-09-22 22:41:57,403 [INFO] PluginManager:220 - loadIPPluginJar : add i3c
2026-09-22 22:41:57,406 [INFO] IPUIPlugin:80 - create IPUIPlugin
2026-09-22 22:41:57,406 [INFO] PluginManager:220 - loadIPPluginJar : add aes
2026-09-22 22:41:57,410 [INFO] IPUIPlugin:80 - create IPUIPlugin
2026-09-22 22:41:57,410 [INFO] PluginManager:220 - loadIPPluginJar : add i2s
2026-09-22 22:41:57,415 [INFO] IPUIPlugin:80 - create IPUIPlugin
2026-09-22 22:41:57,415 [INFO] PluginManager:220 - loadIPPluginJar : add touchsensing
2026-09-22 22:41:57,418 [INFO] IPUIPlugin:80 - create IPUIPlugin
2026-09-22 22:41:57,419 [INFO] PluginManager:220 - loadIPPluginJar : add sai
2026-09-22 22:41:57,545 [FATAL] Updater:351 - Updater called before beeing initialized
2026-09-22 22:41:57,582 [INFO] RulesReader:64 - Compatibility file has been processed (317 Rules)
2026-09-22 22:41:57,601 [INFO] RulesReader:64 - Compatibility file has been processed (317 Rules)
2026-09-22 22:41:57,629 [INFO] CADModel:165 - CPN selected for project level
2026-09-22 22:41:57,630 [INFO] CADModel:114 - Register for checkConnection events
2026-09-22 22:41:57,630 [FATAL] Updater:351 - Updater called before beeing initialized
2026-09-22 22:41:57,631 [ERROR] CADModel:125 - Updater not yet initialized, retry later 
2026-09-22 22:41:57,931 [FATAL] Updater:351 - Updater called before beeing initialized
2026-09-22 22:41:57,934 [INFO] CADModel:165 - CPN selected for project level
2026-09-22 22:41:57,934 [INFO] CADModel:114 - Register for checkConnection events
2026-09-22 22:41:57,934 [FATAL] Updater:351 - Updater called before beeing initialized
2026-09-22 22:41:57,934 [ERROR] CADModel:125 - Updater not yet initialized, retry later 
2026-09-22 22:41:57,940 [FATAL] Updater:351 - Updater called before beeing initialized
2026-09-22 22:41:58,066 [FATAL] Updater:351 - Updater called before beeing initialized
2026-09-22 22:41:58,071 [INFO] DbMcusAds:53 - JSON generation date=Tue Sep 22 14:25:15 CEST 2026 (1790079915614)
2026-09-22 22:41:58,072 [FATAL] Updater:351 - Updater called before beeing initialized
2026-09-22 22:41:58,119 [WARN] DetailPanel:346 - Failed to get advertising image, set to default
2026-09-22 22:41:58,233 [FATAL] Updater:351 - Updater called before beeing initialized
2026-09-22 22:41:58,235 [FATAL] Updater:351 - Updater called before beeing initialized
2026-09-22 22:41:58,235 [FATAL] Updater:351 - Updater called before beeing initialized
2026-09-22 22:41:58,235 [WARN] DetailPanel:346 - Failed to get advertising image, set to default
2026-09-22 22:41:58,236 [FATAL] Updater:351 - Updater called before beeing initialized
2026-09-22 22:41:58,279 [ERROR] Updater:1198 - MainUpdater not yet initialized. External WinMGr cannot be set.
2026-09-22 22:41:58,281 [INFO] Updater:1134 - Updater Version found : 6.15.0
2026-09-22 22:41:58,300 [INFO] ApplicationProperties:184 - Using Application install path: /home/mowibox/st/stm32cubeide_1.19.0_2/plugins/com.st.stm32cube.common.mx_6.15.0.202507011659
2026-09-22 22:41:58,560 [INFO] MainUpdater:2872 - connection check result : 10
2026-09-22 22:41:58,562 [INFO] MainUpdater:289 - Updater Check For Update Now.
2026-09-22 22:41:58,563 [INFO] MicroXplorer:498 - Change Database Version : DB.6.0.150
2026-09-22 22:41:58,576 [INFO] McuFinderGlobals:63 - Set McuFinder mode to 2 (CubeIDE integrated)
2026-09-22 22:41:58,577 [INFO] UserAuth:487 - Internet connection configuration mode: 1
2026-09-22 22:41:58,610 [INFO] JxBrowserEngine:152 - Initiate JxBrowser Engine with user profile folder
2026-09-22 22:41:58,906 [INFO] CheckServerUpdateThread:120 - End of CheckServer Thread
2026-09-22 22:41:59,700 [WARN] PackLoader:240 - Cannot read IP mode file for STMicroelectronics.X-CUBE-AZRTOS-H7.3.5.0
2026-09-22 22:41:59,714 [WARN] PackLoader:240 - Cannot read IP mode file for STMicroelectronics.FP-ATR-ASTRA1.2.0.3
2026-09-22 22:41:59,718 [WARN] PackLoader:240 - Cannot read IP mode file for STMicroelectronics.FP-ATR-ASTRA1.2.0.2
2026-09-22 22:41:59,725 [ERROR] Engine:466 - /home/mowibox/.stm32cubemx/thirdparties/pdsc/STMicroelectronics.X-CUBE-SMBUS.2.1.1.pdsc: PDSC version is not supported
2026-09-22 22:41:59,728 [WARN] PackLoader:240 - Cannot read IP mode file for STMicroelectronics.X-CUBE-SMBUS.2.1.0
2026-09-22 22:41:59,764 [WARN] PackLoader:240 - Cannot read IP mode file for STMicroelectronics.X-CUBE-AZRTOS-F7.1.1.0
2026-09-22 22:41:59,776 [WARN] PackLoader:240 - Cannot read IP mode file for STMicroelectronics.X-CUBE-FREERTOS.1.6.0
2026-09-22 22:41:59,781 [WARN] PackLoader:240 - Cannot read IP mode file for STMicroelectronics.FP-SNS-MOTENV1.5.1.0
2026-09-22 22:41:59,804 [WARN] PackLoader:240 - Cannot read IP mode file for STMicroelectronics.X-CUBE-AZRTOS-H7RS.1.3.0
2026-09-22 22:41:59,814 [WARN] PackLoader:240 - Cannot read IP mode file for WES.I-CUBE-Cesium.1.4.0
2026-09-22 22:41:59,832 [INFO] WebApp:169 - Instantiating new browser for Auth
2026-09-22 22:41:59,847 [WARN] PackLoader:240 - Cannot read IP mode file for STMicroelectronics.X-CUBE-AZRTOS-H7.3.4.0
2026-09-22 22:41:59,877 [WARN] PackLoader:240 - Cannot read IP mode file for STMicroelectronics.X-CUBE-DISPLAY.3.0.0
2026-09-22 22:41:59,911 [WARN] PackLoader:240 - Cannot read IP mode file for STMicroelectronics.X-CUBE-GNSS1.7.1.1
2026-09-22 22:41:59,923 [WARN] PackLoader:240 - Cannot read IP mode file for STMicroelectronics.FP-SNS-MOTENVWB1.1.5.0
2026-09-22 22:41:59,939 [WARN] PackLoader:240 - Cannot read IP mode file for STMicroelectronics.X-CUBE-NFC10.1.0.0
2026-09-22 22:41:59,953 [WARN] PackLoader:240 - Cannot read IP mode file for STMicroelectronics.X-CUBE-ST60.1.1.0
2026-09-22 22:41:59,964 [WARN] PackLoader:240 - Cannot read IP mode file for emotas.I-CUBE-CANOPEN.1.3.0
2026-09-22 22:41:59,969 [ERROR] Engine:466 - /home/mowibox/.stm32cubemx/thirdparties/pdsc/STMicroelectronics.X-CUBE-WBA.1.1.0.pdsc: PDSC version is not supported
2026-09-22 22:41:59,976 [WARN] PackLoader:240 - Cannot read IP mode file for STMicroelectronics.X-CUBE-GNSS1.7.1.0
2026-09-22 22:41:59,991 [WARN] PackLoader:240 - Cannot read IP mode file for STMicroelectronics.FP-SNS-STBOX1.2.1.0
2026-09-22 22:42:00,003 [WARN] PackLoader:240 - Cannot read IP mode file for STMicroelectronics.FP-SNS-SMARTAG2.1.2.0
2026-09-22 22:42:00,008 [WARN] PackLoader:240 - Cannot read IP mode file for STMicroelectronics.FP-SNS-FLIGHT1.5.1.0
2026-09-22 22:42:00,015 [INFO] LogOutputStream:77 - [STDOUT_REDIRECT] 1 : Invalid condition id : UX_CORESTACK_Condition cause : null
2026-09-22 22:42:00,016 [INFO] LogOutputStream:77 - [STDOUT_REDIRECT] 1 : Invalid condition id : UX_CORESTACK_Condition cause : null
2026-09-22 22:42:00,016 [INFO] LogOutputStream:77 - [STDOUT_REDIRECT] 1 : Invalid condition id : UX_CORESTACK_Condition cause : null
2026-09-22 22:42:00,016 [INFO] LogOutputStream:77 - [STDOUT_REDIRECT] 1 : Invalid condition id : UX_CORESTACK_Condition cause : null
2026-09-22 22:42:00,016 [INFO] LogOutputStream:77 - [STDOUT_REDIRECT] 1 : Invalid condition id : UX_CORESTACK_Condition cause : null
2026-09-22 22:42:00,019 [WARN] PackLoader:240 - Cannot read IP mode file for STMicroelectronics.X-CUBE-AZRTOS-WL.2.0.0
2026-09-22 22:42:00,048 [WARN] PackLoader:240 - Cannot read IP mode file for STMicroelectronics.X-CUBE-AZRTOS-H7RS.1.2.0
2026-09-22 22:42:00,062 [WARN] PackLoader:240 - Cannot read IP mode file for STMicroelectronics.X-CUBE-BLE2.3.3.0
2026-09-22 22:42:00,157 [WARN] PackLoader:240 - Cannot read IP mode file for Infineon.AIROC-Wi-Fi-Bluetooth-STM32.1.8.0
2026-09-22 22:42:00,192 [WARN] PackLoader:240 - Cannot read IP mode file for STMicroelectronics.X-CUBE-NFC9.1.0.0
2026-09-22 22:42:00,208 [WARN] PackLoader:240 - Cannot read IP mode file for STMicroelectronics.X-CUBE-BLE1.7.1.0
2026-09-22 22:42:00,213 [WARN] PackLoader:240 - Cannot read IP mode file for wolfSSL.I-CUBE-wolfMQTT.1.19.2
2026-09-22 22:42:00,223 [WARN] PackLoader:240 - Cannot read IP mode file for STMicroelectronics.X-CUBE-FREERTOS.1.4.0
2026-09-22 22:42:00,240 [WARN] PackLoader:240 - Cannot read IP mode file for STMicroelectronics.X-CUBE-EEPRMA1.5.2.0
2026-09-22 22:42:00,252 [WARN] PackLoader:240 - Cannot read IP mode file for wolfSSL.I-CUBE-wolfSSL.5.8.4
2026-09-22 22:42:00,257 [WARN] PackLoader:240 - Cannot read IP mode file for Cesanta.I-CUBE-Mongoose.7.20.0
2026-09-22 22:42:00,318 [WARN] PackLoader:240 - Cannot read IP mode file for STMicroelectronics.X-CUBE-MEMS1.12.0.0
2026-09-22 22:42:00,412 [WARN] PackLoader:240 - Cannot read IP mode file for STMicroelectronics.X-CUBE-AZRTOS-G0.1.1.0
2026-09-22 22:42:00,417 [WARN] PackLoader:240 - Cannot read IP mode file for STMicroelectronics.X-CUBE-NFC4.3.0.0
2026-09-22 22:42:00,424 [WARN] PackLoader:240 - Cannot read IP mode file for EmbeddedOffice.I-CUBE-FS-RTOS.1.0.1
2026-09-22 22:42:00,428 [WARN] PackLoader:240 - Cannot read IP mode file for STMicroelectronics.X-CUBE-WB05N.2.0.0
2026-09-22 22:42:00,438 [WARN] PackLoader:240 - Cannot read IP mode file for wolfSSL.I-CUBE-wolfTPM.3.8.0
2026-09-22 22:42:00,446 [WARN] PackLoader:240 - Cannot read IP mode file for STMicroelectronics.X-CUBE-TCPP.4.2.0
2026-09-22 22:42:00,451 [WARN] PackLoader:240 - Cannot read IP mode file for RealThread.X-CUBE-RT-Thread_Nano.4.1.1
2026-09-22 22:42:00,455 [WARN] PackLoader:240 - Cannot read IP mode file for STMicroelectronics.FP-ATR-SIGFOX1.3.2.0
2026-09-22 22:42:00,459 [WARN] PackLoader:240 - Cannot read IP mode file for STMicroelectronics.X-CUBE-FREERTOS.1.5.0
2026-09-22 22:42:00,463 [WARN] PackLoader:240 - Cannot read IP mode file for ITTIA_DB.I-CUBE-ITTIADB.8.9.0
2026-09-22 22:42:00,469 [WARN] PackLoader:240 - Cannot read IP mode file for STMicroelectronics.X-CUBE-NFC6.3.2.0
2026-09-22 22:42:00,474 [WARN] PackLoader:240 - Cannot read IP mode file for STMicroelectronics.X-CUBE-AI.10.2.1
2026-09-22 22:42:00,477 [WARN] PackLoader:240 - Cannot read IP mode file for STMicroelectronics.X-CUBE-AI.10.2.0
2026-09-22 22:42:00,505 [WARN] PackLoader:240 - Cannot read IP mode file for SEGGER.I-CUBE-embOS.1.3.1
2026-09-22 22:42:00,651 [WARN] PackLoader:240 - Cannot read IP mode file for STMicroelectronics.X-CUBE-ALGOBUILD.1.4.0
2026-09-22 22:42:00,661 [ERROR] Engine:466 - /home/mowibox/.stm32cubemx/thirdparties/pdsc/STMicroelectronics.FP-SNS-STAIOTCFT.2.0.0.pdsc: PDSC version is not supported
2026-09-22 22:42:00,673 [WARN] PackLoader:240 - Cannot read IP mode file for STMicroelectronics.X-CUBE-NFC13.1.0.0
2026-09-22 22:42:00,683 [WARN] PackLoader:240 - Cannot read IP mode file for STMicroelectronics.X-CUBE-PM33A1.1.0.0
2026-09-22 22:42:00,712 [WARN] PackLoader:240 - Cannot read IP mode file for STMicroelectronics.X-CUBE-AZRTOS-F4.1.1.0
2026-09-22 22:42:00,725 [WARN] PackLoader:240 - Cannot read IP mode file for STMicroelectronics.X-CUBE-ISPU.2.1.0
2026-09-22 22:42:00,750 [WARN] PackLoader:240 - Cannot read IP mode file for STMicroelectronics.X-CUBE-IPS.3.2.0
2026-09-22 22:42:00,770 [WARN] PackLoader:240 - Cannot read IP mode file for STMicroelectronics.eDS-WB_DPC_TT-BIDIR.2.1.1
2026-09-22 22:42:00,781 [WARN] PackLoader:240 - Cannot read IP mode file for STMicroelectronics.X-CUBE-NFC12.1.0.0
2026-09-22 22:42:00,812 [WARN] PackLoader:240 - Cannot read IP mode file for STMicroelectronics.X-CUBE-AZRTOS-L5.2.0.0
2026-09-22 22:42:00,827 [WARN] PackLoader:240 - Cannot read IP mode file for STMicroelectronics.X-CUBE-ALGOBUILD.1.5.0
2026-09-22 22:42:00,833 [WARN] PackLoader:240 - Cannot read IP mode file for STMicroelectronics.eDS-WB_DPC_VIENNA.1.2.0
2026-09-22 22:42:00,916 [WARN] PackLoader:240 - Cannot read IP mode file for STMicroelectronics.X-CUBE-MEMS1.13.0.0
2026-09-22 22:42:01,049 [WARN] PackLoader:240 - Cannot read IP mode file for STMicroelectronics.eDS-WB_DPC_3PH2L-BIDIR.1.1.1
2026-09-22 22:42:01,052 [ERROR] Engine:466 - /home/mowibox/.stm32cubemx/thirdparties/pdsc/STMicroelectronics.X-CUBE-ST67W61.1.3.0.pdsc: PDSC version is not supported
2026-09-22 22:42:01,055 [WARN] PackLoader:240 - Cannot read IP mode file for STMicroelectronics.X-CUBE-TOUCHGFX.4.26.0
2026-09-22 22:42:01,057 [WARN] PackLoader:240 - Cannot read IP mode file for STMicroelectronics.X-CUBE-TOUCHGFX.4.26.1
2026-09-22 22:42:01,060 [WARN] PackLoader:240 - Cannot read IP mode file for STMicroelectronics.FP-SNS-STAIOTCFT.1.0.0
2026-09-22 22:42:01,064 [WARN] PackLoader:240 - Cannot read IP mode file for STMicroelectronics.X-CUBE-DPower.1.3.0
2026-09-22 22:42:01,077 [WARN] ConditionMgr:438 - getConditionDescription Invalid condition id : LAN8742 Phy interface Condition cause : null
2026-09-22 22:42:01,078 [WARN] PackLoader:240 - Cannot read IP mode file for STMicroelectronics.X-CUBE-AZRTOS-L4.2.0.0
2026-09-22 22:42:01,079 [WARN] ConditionMgr:1044 - genDependencies : Invalid condition id : LAN8742 Phy interface Condition cause : null
2026-09-22 22:42:01,079 [WARN] ConditionMgr:1044 - genDependencies : Invalid condition id : LAN8742 Phy interface Condition cause : null
2026-09-22 22:42:01,079 [WARN] ConditionMgr:1044 - genDependencies : Invalid condition id : LAN8742 Phy interface Condition cause : null
2026-09-22 22:42:01,085 [WARN] PackLoader:240 - Cannot read IP mode file for STMicroelectronics.X-CUBE-SFXS2LP1.4.0.0
2026-09-22 22:42:01,091 [WARN] PackLoader:240 - Cannot read IP mode file for STMicroelectronics.X-CUBE-WB05N.2.1.0
2026-09-22 22:42:01,109 [WARN] PackLoader:240 - Cannot read IP mode file for STMicroelectronics.X-CUBE-ST67W61.1.2.0
2026-09-22 22:42:01,134 [WARN] PackLoader:240 - Cannot read IP mode file for STMicroelectronics.X-CUBE-BLEMGR.4.1.0
2026-09-22 22:42:01,168 [WARN] ConditionMgr:438 - getConditionDescription Invalid condition id : UX DEVICE CLASS RTOS Condition cause : null
2026-09-22 22:42:01,169 [WARN] ConditionMgr:438 - getConditionDescription Invalid condition id : UX DEVICE CLASS RTOS Condition cause : null
2026-09-22 22:42:01,176 [WARN] PackLoader:240 - Cannot read IP mode file for STMicroelectronics.X-CUBE-AZRTOS-WB.2.0.0
2026-09-22 22:42:01,177 [WARN] ConditionMgr:1044 - genDependencies : Invalid condition id : UX DEVICE CLASS RTOS Condition cause : null
2026-09-22 22:42:01,178 [WARN] ConditionMgr:1044 - genDependencies : Invalid condition id : UX DEVICE CLASS RTOS Condition cause : null
2026-09-22 22:42:01,180 [WARN] ConditionMgr:1044 - genDependencies : Invalid condition id : UX DEVICE CLASS RTOS Condition cause : null
2026-09-22 22:42:01,181 [WARN] ConditionMgr:1044 - genDependencies : Invalid condition id : UX DEVICE CLASS RTOS Condition cause : null
2026-09-22 22:42:01,182 [WARN] ConditionMgr:1044 - genDependencies : Invalid condition id : UX DEVICE CLASS RTOS Condition cause : null
2026-09-22 22:42:01,192 [WARN] ConditionMgr:438 - getConditionDescription Invalid condition id : Cortex-A Device cause : null
2026-09-22 22:42:01,217 [WARN] ConditionMgr:1044 - genDependencies : Invalid condition id : Cortex-A Device cause : null
2026-09-22 22:42:01,218 [WARN] ConditionMgr:1044 - genDependencies : Invalid condition id : Cortex-A Device cause : null
2026-09-22 22:42:01,219 [WARN] ConditionMgr:1044 - genDependencies : Invalid condition id : Cortex-A Device cause : null
2026-09-22 22:42:01,237 [WARN] PackLoader:240 - Cannot read IP mode file for STMicroelectronics.X-CUBE-STSE01.2.0.0
2026-09-22 22:42:01,254 [WARN] PackLoader:240 - Cannot read IP mode file for STMicroelectronics.X-CUBE-SUBG2.5.0.0
2026-09-22 22:42:01,324 [WARN] PackLoader:240 - Cannot read IP mode file for STMicroelectronics.X-CUBE-AZRTOS-G4.2.0.0
2026-09-22 22:42:01,333 [WARN] PackLoader:240 - Cannot read IP mode file for wolfSSL.I-CUBE-wolfSSH.1.4.20
2026-09-22 22:42:01,341 [WARN] PackLoader:240 - Cannot read IP mode file for STMicroelectronics.X-CUBE-NFC7.2.0.0
2026-09-22 22:42:01,350 [ERROR] Engine:466 - /home/mowibox/.stm32cubemx/thirdparties/pdsc/STMicroelectronics.X-CUBE-BLEMGR.4.2.0.pdsc: PDSC version is not supported
2026-09-22 22:42:01,356 [WARN] PackLoader:240 - Cannot read IP mode file for STMicroelectronics.X-CUBE-ALS.1.0.2
2026-09-22 22:42:01,383 [WARN] PackLoader:240 - Cannot read IP mode file for STMicroelectronics.X-CUBE-TOF1.3.4.3
2026-09-22 22:42:01,387 [INFO] WebApp:463 - Apply proxy settings
2026-09-22 22:42:01,389 [INFO] WebApp:548 - Chromium requires no authentication
2026-09-22 22:42:01,413 [INFO] WebApp:491 - Direct internet connection detected
2026-09-22 22:42:01,414 [INFO] ThirdParty:978 - Integrity check success = true
2026-09-22 22:42:01,414 [INFO] IntegrityCheckThread:100 - exiting critical section [integrity check]
2026-09-22 22:42:01,414 [INFO] IntegrityCheckThread:103 - End integrity checks thread
2026-09-22 22:42:01,442 [INFO] WebApp:900 - Register for checkConnection events
2026-09-22 22:42:01,443 [INFO] WebApp:463 - Apply proxy settings
2026-09-22 22:42:01,443 [INFO] WebApp:548 - Chromium requires no authentication
2026-09-22 22:42:01,444 [INFO] WebApp:491 - Direct internet connection detected
2026-09-22 22:42:01,679 [INFO] WebApp:191 - Connection restablished
2026-09-22 22:42:01,796 [INFO] WebApp:225 - Starting web application
2026-09-22 22:42:01,796 [INFO] WebApp:593 - Web application path used /home/mowibox/st/stm32cubeide_1.19.0_2/plugins/com.st.stm32cube.common.mx_6.15.0.202507011659/db/plugins/mcufinder/reactClient1/index.html
2026-09-22 22:42:02,073 [INFO] UserAuth:487 - Internet connection configuration mode: 1
2026-09-22 22:42:11,897 [ERROR] LogOutputStream:75 - [STDERR_REDIRECT] 
