01:19:35 **** Incremental Build of configuration Debug for project chromapi_stm32_core ****
make -j12 all 
arm-none-eabi-gcc "../Core/Src/bridge.c" -mcpu=cortex-m4 -std=gnu11 -g3 -DDEBUG -DUSE_HAL_DRIVER -DSTM32G431xx -c -I../Core/Inc -I../Drivers/STM32G4xx_HAL_Driver/Inc -I../Drivers/STM32G4xx_HAL_Driver/Inc/Legacy -I../Drivers/CMSIS/Device/ST/STM32G4xx/Include -I../Drivers/CMSIS/Include -O0 -ffunction-sections -fdata-sections -Wall -fstack-usage -fcyclomatic-complexity -MMD -MP -MF"Core/Src/bridge.d" -MT"Core/Src/bridge.o" --specs=nano.specs -mfpu=fpv4-sp-d16 -mfloat-abi=hard -mthumb -o "Core/Src/bridge.o"
arm-none-eabi-gcc "../Core/Src/main.c" -mcpu=cortex-m4 -std=gnu11 -g3 -DDEBUG -DUSE_HAL_DRIVER -DSTM32G431xx -c -I../Core/Inc -I../Drivers/STM32G4xx_HAL_Driver/Inc -I../Drivers/STM32G4xx_HAL_Driver/Inc/Legacy -I../Drivers/CMSIS/Device/ST/STM32G4xx/Include -I../Drivers/CMSIS/Include -O0 -ffunction-sections -fdata-sections -Wall -fstack-usage -fcyclomatic-complexity -MMD -MP -MF"Core/Src/main.d" -MT"Core/Src/main.o" --specs=nano.specs -mfpu=fpv4-sp-d16 -mfloat-abi=hard -mthumb -o "Core/Src/main.o"
arm-none-eabi-gcc -o "chromapi_stm32_core.elf" @"objects.list"   -mcpu=cortex-m4 -T"C:\Workspace\Git_folders\chromapi_motherboard\firmware\chromapi_stm32_core\STM32G431KBTX_FLASH.ld" --specs=nosys.specs -Wl,-Map="chromapi_stm32_core.map" -Wl,--gc-sections -static --specs=nano.specs -mfpu=fpv4-sp-d16 -mfloat-abi=hard -mthumb -u _printf_float -u _scanf_float -Wl,--start-group -lc -lm -Wl,--end-group
Finished building target: chromapi_stm32_core.elf
 
arm-none-eabi-size  chromapi_stm32_core.elf 
arm-none-eabi-objdump -h -S chromapi_stm32_core.elf  > "chromapi_stm32_core.list"
   text	   data	    bss	    dec	    hex	filename
  65796	    468	   4212	  70476	  1134c	chromapi_stm32_core.elf
Finished building: default.size.stdout
 
Finished building: chromapi_stm32_core.list
 
01:26:39 **** Incremental Build of configuration Debug for project chromapi_stm32_core ****
make -j12 all 
arm-none-eabi-size  chromapi_stm32_core.elf 
   text	   data	    bss	    dec	    hex	filename
  65796	    468	   4212	  70476	  1134c	chromapi_stm32_core.elf
Finished building: default.size.stdout
 
