03:06:22 **** Incremental Build of configuration Debug for project chromapi_stm32_core ****
make -j12 all 
arm-none-eabi-gcc "../Core/Src/main.c" -mcpu=cortex-m4 -std=gnu11 -g3 -DDEBUG -DUSE_HAL_DRIVER -DSTM32G431xx -c -I../Core/Inc -I../Drivers/STM32G4xx_HAL_Driver/Inc -I../Drivers/STM32G4xx_HAL_Driver/Inc/Legacy -I../Drivers/CMSIS/Device/ST/STM32G4xx/Include -I../Drivers/CMSIS/Include -O0 -ffunction-sections -fdata-sections -Wall -fstack-usage -fcyclomatic-complexity -MMD -MP -MF"Core/Src/main.d" -MT"Core/Src/main.o" --specs=nano.specs -mfpu=fpv4-sp-d16 -mfloat-abi=hard -mthumb -o "Core/Src/main.o"
In file included from ../Core/Inc/sts3215_hal.h:10,
                 from ../Core/Src/main.c:27:
../Core/Inc/sts3215_protocol.h:31: warning: "STS3215_TX_BUF_SIZE" redefined
   31 | #define STS3215_TX_BUF_SIZE (7U + STS3215_SYNC_MAX_SERVOS * (1U + STS3215_SYNC_DATA_MAX_LEN))
      | 
In file included from ../Core/Inc/sts3215_protocol.h:14:
../Core/Inc/sts3215_regs.h:38: note: this is the location of the previous definition
   38 | #define STS3215_TX_BUF_SIZE             (STS3215_PACKET_OVERHEAD + STS3215_PARAM_MAX)
      | 
../Core/Inc/sts3215_protocol.h:38: warning: "STS3215_RX_BUF_SIZE" redefined
   38 | #define STS3215_RX_BUF_SIZE (16U)
      | 
../Core/Inc/sts3215_regs.h:46: note: this is the location of the previous definition
   46 | #define STS3215_RX_BUF_SIZE             (STS3215_REPLY_OVERHEAD + STS3215_REPLY_DATA_MAX)
      | 
../Core/Src/main.c: In function 'main':
../Core/Src/main.c:295:15: warning: unused variable 'bus_uV_r' [-Wunused-variable]
  295 |       int32_t bus_uV_r = bus_uV   % 1000;   /* reste pour décimales */
      |               ^~~~~~~~
../Core/Src/main.c:214:17: warning: unused variable 'toggle' [-Wunused-variable]
  214 |         uint8_t toggle = 0;
      |                 ^~~~~~
../Core/Src/main.c:213:18: warning: unused variable 'last_move_ms' [-Wunused-variable]
  213 |         uint32_t last_move_ms = HAL_GetTick();
      |                  ^~~~~~~~~~~~
../Core/Src/main.c:192:29: warning: variable 'cmd' set but not used [-Wunused-but-set-variable]
  192 |         STS3215_MotionCmd_t cmd = {0};
      |                             ^~~
arm-none-eabi-gcc -o "chromapi_stm32_core.elf" @"objects.list"   -mcpu=cortex-m4 -T"C:\Workspace\Git_folders\chromapi_motherboard\firmware\chromapi_stm32_core\STM32G431KBTX_FLASH.ld" --specs=nosys.specs -Wl,-Map="chromapi_stm32_core.map" -Wl,--gc-sections -static --specs=nano.specs -mfpu=fpv4-sp-d16 -mfloat-abi=hard -mthumb -Wl,--start-group -lc -lm -Wl,--end-group
Finished building target: chromapi_stm32_core.elf
 
arm-none-eabi-size  chromapi_stm32_core.elf 
arm-none-eabi-objdump -h -S chromapi_stm32_core.elf  > "chromapi_stm32_core.list"
   text	   data	    bss	    dec	    hex	filename
  33052	    104	   2944	  36100	   8d04	chromapi_stm32_core.elf
Finished building: default.size.stdout
 
Finished building: chromapi_stm32_core.list
 
03:08:05 **** Incremental Build of configuration Debug for project chromapi_stm32_core ****
make -j12 all 
arm-none-eabi-size  chromapi_stm32_core.elf 
   text	   data	    bss	    dec	    hex	filename
  33052	    104	   2944	  36100	   8d04	chromapi_stm32_core.elf
Finished building: default.size.stdout
 
03:16:01 **** Incremental Build of configuration Debug for project chromapi_stm32_core ****
make -j12 all 
arm-none-eabi-gcc "../Core/Src/main.c" -mcpu=cortex-m4 -std=gnu11 -g3 -DDEBUG -DUSE_HAL_DRIVER -DSTM32G431xx -c -I../Core/Inc -I../Drivers/STM32G4xx_HAL_Driver/Inc -I../Drivers/STM32G4xx_HAL_Driver/Inc/Legacy -I../Drivers/CMSIS/Device/ST/STM32G4xx/Include -I../Drivers/CMSIS/Include -O0 -ffunction-sections -fdata-sections -Wall -fstack-usage -fcyclomatic-complexity -MMD -MP -MF"Core/Src/main.d" -MT"Core/Src/main.o" --specs=nano.specs -mfpu=fpv4-sp-d16 -mfloat-abi=hard -mthumb -o "Core/Src/main.o"
In file included from ../Core/Inc/sts3215_hal.h:10,
                 from ../Core/Src/main.c:27:
../Core/Inc/sts3215_protocol.h:31: warning: "STS3215_TX_BUF_SIZE" redefined
   31 | #define STS3215_TX_BUF_SIZE (7U + STS3215_SYNC_MAX_SERVOS * (1U + STS3215_SYNC_DATA_MAX_LEN))
      | 
In file included from ../Core/Inc/sts3215_protocol.h:14:
../Core/Inc/sts3215_regs.h:38: note: this is the location of the previous definition
   38 | #define STS3215_TX_BUF_SIZE             (STS3215_PACKET_OVERHEAD + STS3215_PARAM_MAX)
      | 
../Core/Inc/sts3215_protocol.h:38: warning: "STS3215_RX_BUF_SIZE" redefined
   38 | #define STS3215_RX_BUF_SIZE (16U)
      | 
../Core/Inc/sts3215_regs.h:46: note: this is the location of the previous definition
   46 | #define STS3215_RX_BUF_SIZE             (STS3215_REPLY_OVERHEAD + STS3215_REPLY_DATA_MAX)
      | 
../Core/Src/main.c: In function 'main':
../Core/Src/main.c:295:15: warning: unused variable 'bus_uV_r' [-Wunused-variable]
  295 |       int32_t bus_uV_r = bus_uV   % 1000;   /* reste pour décimales */
      |               ^~~~~~~~
../Core/Src/main.c:214:17: warning: unused variable 'toggle' [-Wunused-variable]
  214 |         uint8_t toggle = 0;
      |                 ^~~~~~
../Core/Src/main.c:213:18: warning: unused variable 'last_move_ms' [-Wunused-variable]
  213 |         uint32_t last_move_ms = HAL_GetTick();
      |                  ^~~~~~~~~~~~
../Core/Src/main.c:192:29: warning: variable 'cmd' set but not used [-Wunused-but-set-variable]
  192 |         STS3215_MotionCmd_t cmd = {0};
      |                             ^~~
arm-none-eabi-gcc -o "chromapi_stm32_core.elf" @"objects.list"   -mcpu=cortex-m4 -T"C:\Workspace\Git_folders\chromapi_motherboard\firmware\chromapi_stm32_core\STM32G431KBTX_FLASH.ld" --specs=nosys.specs -Wl,-Map="chromapi_stm32_core.map" -Wl,--gc-sections -static --specs=nano.specs -mfpu=fpv4-sp-d16 -mfloat-abi=hard -mthumb -Wl,--start-group -lc -lm -Wl,--end-group
Finished building target: chromapi_stm32_core.elf
 
arm-none-eabi-size  chromapi_stm32_core.elf 
arm-none-eabi-objdump -h -S chromapi_stm32_core.elf  > "chromapi_stm32_core.list"
   text	   data	    bss	    dec	    hex	filename
  32940	    104	   2944	  35988	   8c94	chromapi_stm32_core.elf
Finished building: default.size.stdout
 
Finished building: chromapi_stm32_core.list
 
03:17:37 **** Incremental Build of configuration Debug for project chromapi_stm32_core ****
make -j12 all 
arm-none-eabi-size  chromapi_stm32_core.elf 
   text	   data	    bss	    dec	    hex	filename
  32940	    104	   2944	  35988	   8c94	chromapi_stm32_core.elf
Finished building: default.size.stdout
 
03:18:45 **** Incremental Build of configuration Debug for project chromapi_stm32_core ****
make -j12 all 
arm-none-eabi-gcc "../Core/Src/main.c" -mcpu=cortex-m4 -std=gnu11 -g3 -DDEBUG -DUSE_HAL_DRIVER -DSTM32G431xx -c -I../Core/Inc -I../Drivers/STM32G4xx_HAL_Driver/Inc -I../Drivers/STM32G4xx_HAL_Driver/Inc/Legacy -I../Drivers/CMSIS/Device/ST/STM32G4xx/Include -I../Drivers/CMSIS/Include -O0 -ffunction-sections -fdata-sections -Wall -fstack-usage -fcyclomatic-complexity -MMD -MP -MF"Core/Src/main.d" -MT"Core/Src/main.o" --specs=nano.specs -mfpu=fpv4-sp-d16 -mfloat-abi=hard -mthumb -o "Core/Src/main.o"
In file included from ../Core/Inc/sts3215_hal.h:10,
                 from ../Core/Src/main.c:27:
../Core/Inc/sts3215_protocol.h:31: warning: "STS3215_TX_BUF_SIZE" redefined
   31 | #define STS3215_TX_BUF_SIZE (7U + STS3215_SYNC_MAX_SERVOS * (1U + STS3215_SYNC_DATA_MAX_LEN))
      | 
In file included from ../Core/Inc/sts3215_protocol.h:14:
../Core/Inc/sts3215_regs.h:38: note: this is the location of the previous definition
   38 | #define STS3215_TX_BUF_SIZE             (STS3215_PACKET_OVERHEAD + STS3215_PARAM_MAX)
      | 
../Core/Inc/sts3215_protocol.h:38: warning: "STS3215_RX_BUF_SIZE" redefined
   38 | #define STS3215_RX_BUF_SIZE (16U)
      | 
../Core/Inc/sts3215_regs.h:46: note: this is the location of the previous definition
   46 | #define STS3215_RX_BUF_SIZE             (STS3215_REPLY_OVERHEAD + STS3215_REPLY_DATA_MAX)
      | 
../Core/Src/main.c: In function 'main':
../Core/Src/main.c:295:15: warning: unused variable 'bus_uV_r' [-Wunused-variable]
  295 |       int32_t bus_uV_r = bus_uV   % 1000;   /* reste pour décimales */
      |               ^~~~~~~~
../Core/Src/main.c:214:17: warning: unused variable 'toggle' [-Wunused-variable]
  214 |         uint8_t toggle = 0;
      |                 ^~~~~~
../Core/Src/main.c:213:18: warning: unused variable 'last_move_ms' [-Wunused-variable]
  213 |         uint32_t last_move_ms = HAL_GetTick();
      |                  ^~~~~~~~~~~~
../Core/Src/main.c:192:29: warning: variable 'cmd' set but not used [-Wunused-but-set-variable]
  192 |         STS3215_MotionCmd_t cmd = {0};
      |                             ^~~
arm-none-eabi-gcc -o "chromapi_stm32_core.elf" @"objects.list"   -mcpu=cortex-m4 -T"C:\Workspace\Git_folders\chromapi_motherboard\firmware\chromapi_stm32_core\STM32G431KBTX_FLASH.ld" --specs=nosys.specs -Wl,-Map="chromapi_stm32_core.map" -Wl,--gc-sections -static --specs=nano.specs -mfpu=fpv4-sp-d16 -mfloat-abi=hard -mthumb -Wl,--start-group -lc -lm -Wl,--end-group
Finished building target: chromapi_stm32_core.elf
 
arm-none-eabi-size  chromapi_stm32_core.elf 
arm-none-eabi-objdump -h -S chromapi_stm32_core.elf  > "chromapi_stm32_core.list"
   text	   data	    bss	    dec	    hex	filename
  33052	    104	   2944	  36100	   8d04	chromapi_stm32_core.elf
Finished building: default.size.stdout
 
Finished building: chromapi_stm32_core.list
 
03:21:15 **** Incremental Build of configuration Debug for project chromapi_stm32_core ****
make -j12 all 
arm-none-eabi-gcc "../Core/Src/main.c" -mcpu=cortex-m4 -std=gnu11 -g3 -DDEBUG -DUSE_HAL_DRIVER -DSTM32G431xx -c -I../Core/Inc -I../Drivers/STM32G4xx_HAL_Driver/Inc -I../Drivers/STM32G4xx_HAL_Driver/Inc/Legacy -I../Drivers/CMSIS/Device/ST/STM32G4xx/Include -I../Drivers/CMSIS/Include -O0 -ffunction-sections -fdata-sections -Wall -fstack-usage -fcyclomatic-complexity -MMD -MP -MF"Core/Src/main.d" -MT"Core/Src/main.o" --specs=nano.specs -mfpu=fpv4-sp-d16 -mfloat-abi=hard -mthumb -o "Core/Src/main.o"
In file included from ../Core/Inc/sts3215_hal.h:10,
                 from ../Core/Src/main.c:27:
../Core/Inc/sts3215_protocol.h:31: warning: "STS3215_TX_BUF_SIZE" redefined
   31 | #define STS3215_TX_BUF_SIZE (7U + STS3215_SYNC_MAX_SERVOS * (1U + STS3215_SYNC_DATA_MAX_LEN))
      | 
In file included from ../Core/Inc/sts3215_protocol.h:14:
../Core/Inc/sts3215_regs.h:38: note: this is the location of the previous definition
   38 | #define STS3215_TX_BUF_SIZE             (STS3215_PACKET_OVERHEAD + STS3215_PARAM_MAX)
      | 
../Core/Inc/sts3215_protocol.h:38: warning: "STS3215_RX_BUF_SIZE" redefined
   38 | #define STS3215_RX_BUF_SIZE (16U)
      | 
../Core/Inc/sts3215_regs.h:46: note: this is the location of the previous definition
   46 | #define STS3215_RX_BUF_SIZE             (STS3215_REPLY_OVERHEAD + STS3215_REPLY_DATA_MAX)
      | 
../Core/Src/main.c: In function 'main':
../Core/Src/main.c:295:15: warning: unused variable 'bus_uV_r' [-Wunused-variable]
  295 |       int32_t bus_uV_r = bus_uV   % 1000;   /* reste pour décimales */
      |               ^~~~~~~~
../Core/Src/main.c:214:17: warning: unused variable 'toggle' [-Wunused-variable]
  214 |         uint8_t toggle = 0;
      |                 ^~~~~~
../Core/Src/main.c:213:18: warning: unused variable 'last_move_ms' [-Wunused-variable]
  213 |         uint32_t last_move_ms = HAL_GetTick();
      |                  ^~~~~~~~~~~~
../Core/Src/main.c:192:29: warning: variable 'cmd' set but not used [-Wunused-but-set-variable]
  192 |         STS3215_MotionCmd_t cmd = {0};
      |                             ^~~
arm-none-eabi-gcc -o "chromapi_stm32_core.elf" @"objects.list"   -mcpu=cortex-m4 -T"C:\Workspace\Git_folders\chromapi_motherboard\firmware\chromapi_stm32_core\STM32G431KBTX_FLASH.ld" --specs=nosys.specs -Wl,-Map="chromapi_stm32_core.map" -Wl,--gc-sections -static --specs=nano.specs -mfpu=fpv4-sp-d16 -mfloat-abi=hard -mthumb -Wl,--start-group -lc -lm -Wl,--end-group
Finished building target: chromapi_stm32_core.elf
 
arm-none-eabi-size  chromapi_stm32_core.elf 
arm-none-eabi-objdump -h -S chromapi_stm32_core.elf  > "chromapi_stm32_core.list"
   text	   data	    bss	    dec	    hex	filename
  32940	    104	   2944	  35988	   8c94	chromapi_stm32_core.elf
Finished building: default.size.stdout
 
Finished building: chromapi_stm32_core.list
 
03:22:35 **** Incremental Build of configuration Debug for project chromapi_stm32_core ****
make -j12 all 
arm-none-eabi-gcc "../Core/Src/main.c" -mcpu=cortex-m4 -std=gnu11 -g3 -DDEBUG -DUSE_HAL_DRIVER -DSTM32G431xx -c -I../Core/Inc -I../Drivers/STM32G4xx_HAL_Driver/Inc -I../Drivers/STM32G4xx_HAL_Driver/Inc/Legacy -I../Drivers/CMSIS/Device/ST/STM32G4xx/Include -I../Drivers/CMSIS/Include -O0 -ffunction-sections -fdata-sections -Wall -fstack-usage -fcyclomatic-complexity -MMD -MP -MF"Core/Src/main.d" -MT"Core/Src/main.o" --specs=nano.specs -mfpu=fpv4-sp-d16 -mfloat-abi=hard -mthumb -o "Core/Src/main.o"
In file included from ../Core/Inc/sts3215_hal.h:10,
                 from ../Core/Src/main.c:27:
../Core/Inc/sts3215_protocol.h:31: warning: "STS3215_TX_BUF_SIZE" redefined
   31 | #define STS3215_TX_BUF_SIZE (7U + STS3215_SYNC_MAX_SERVOS * (1U + STS3215_SYNC_DATA_MAX_LEN))
      | 
In file included from ../Core/Inc/sts3215_protocol.h:14:
../Core/Inc/sts3215_regs.h:38: note: this is the location of the previous definition
   38 | #define STS3215_TX_BUF_SIZE             (STS3215_PACKET_OVERHEAD + STS3215_PARAM_MAX)
      | 
../Core/Inc/sts3215_protocol.h:38: warning: "STS3215_RX_BUF_SIZE" redefined
   38 | #define STS3215_RX_BUF_SIZE (16U)
      | 
../Core/Inc/sts3215_regs.h:46: note: this is the location of the previous definition
   46 | #define STS3215_RX_BUF_SIZE             (STS3215_REPLY_OVERHEAD + STS3215_REPLY_DATA_MAX)
      | 
../Core/Src/main.c: In function 'main':
../Core/Src/main.c:292:15: warning: unused variable 'bus_uV_r' [-Wunused-variable]
  292 |       int32_t bus_uV_r = bus_uV   % 1000;   /* reste pour décimales */
      |               ^~~~~~~~
../Core/Src/main.c:211:17: warning: unused variable 'toggle' [-Wunused-variable]
  211 |         uint8_t toggle = 0;
      |                 ^~~~~~
../Core/Src/main.c:210:18: warning: unused variable 'last_move_ms' [-Wunused-variable]
  210 |         uint32_t last_move_ms = HAL_GetTick();
      |                  ^~~~~~~~~~~~
../Core/Src/main.c:189:29: warning: variable 'cmd' set but not used [-Wunused-but-set-variable]
  189 |         STS3215_MotionCmd_t cmd = {0};
      |                             ^~~
arm-none-eabi-gcc -o "chromapi_stm32_core.elf" @"objects.list"   -mcpu=cortex-m4 -T"C:\Workspace\Git_folders\chromapi_motherboard\firmware\chromapi_stm32_core\STM32G431KBTX_FLASH.ld" --specs=nosys.specs -Wl,-Map="chromapi_stm32_core.map" -Wl,--gc-sections -static --specs=nano.specs -mfpu=fpv4-sp-d16 -mfloat-abi=hard -mthumb -Wl,--start-group -lc -lm -Wl,--end-group
Finished building target: chromapi_stm32_core.elf
 
arm-none-eabi-size  chromapi_stm32_core.elf 
arm-none-eabi-objdump -h -S chromapi_stm32_core.elf  > "chromapi_stm32_core.list"
   text	   data	    bss	    dec	    hex	filename
  33052	    104	   2944	  36100	   8d04	chromapi_stm32_core.elf
Finished building: default.size.stdout
 
Finished building: chromapi_stm32_core.list
 
03:27:16 **** Incremental Build of configuration Debug for project chromapi_stm32_core ****
make -j12 all 
arm-none-eabi-gcc "../Core/Src/main.c" -mcpu=cortex-m4 -std=gnu11 -g3 -DDEBUG -DUSE_HAL_DRIVER -DSTM32G431xx -c -I../Core/Inc -I../Drivers/STM32G4xx_HAL_Driver/Inc -I../Drivers/STM32G4xx_HAL_Driver/Inc/Legacy -I../Drivers/CMSIS/Device/ST/STM32G4xx/Include -I../Drivers/CMSIS/Include -O0 -ffunction-sections -fdata-sections -Wall -fstack-usage -fcyclomatic-complexity -MMD -MP -MF"Core/Src/main.d" -MT"Core/Src/main.o" --specs=nano.specs -mfpu=fpv4-sp-d16 -mfloat-abi=hard -mthumb -o "Core/Src/main.o"
In file included from ../Core/Inc/sts3215_hal.h:10,
                 from ../Core/Src/main.c:27:
../Core/Inc/sts3215_protocol.h:31: warning: "STS3215_TX_BUF_SIZE" redefined
   31 | #define STS3215_TX_BUF_SIZE (7U + STS3215_SYNC_MAX_SERVOS * (1U + STS3215_SYNC_DATA_MAX_LEN))
      | 
In file included from ../Core/Inc/sts3215_protocol.h:14:
../Core/Inc/sts3215_regs.h:38: note: this is the location of the previous definition
   38 | #define STS3215_TX_BUF_SIZE             (STS3215_PACKET_OVERHEAD + STS3215_PARAM_MAX)
      | 
../Core/Inc/sts3215_protocol.h:38: warning: "STS3215_RX_BUF_SIZE" redefined
   38 | #define STS3215_RX_BUF_SIZE (16U)
      | 
../Core/Inc/sts3215_regs.h:46: note: this is the location of the previous definition
   46 | #define STS3215_RX_BUF_SIZE             (STS3215_REPLY_OVERHEAD + STS3215_REPLY_DATA_MAX)
      | 
../Core/Src/main.c: In function 'main':
../Core/Src/main.c:292:15: warning: unused variable 'bus_uV_r' [-Wunused-variable]
  292 |       int32_t bus_uV_r = bus_uV   % 1000;   /* reste pour décimales */
      |               ^~~~~~~~
arm-none-eabi-gcc -o "chromapi_stm32_core.elf" @"objects.list"   -mcpu=cortex-m4 -T"C:\Workspace\Git_folders\chromapi_motherboard\firmware\chromapi_stm32_core\STM32G431KBTX_FLASH.ld" --specs=nosys.specs -Wl,-Map="chromapi_stm32_core.map" -Wl,--gc-sections -static --specs=nano.specs -mfpu=fpv4-sp-d16 -mfloat-abi=hard -mthumb -Wl,--start-group -lc -lm -Wl,--end-group
Finished building target: chromapi_stm32_core.elf
 
arm-none-eabi-size  chromapi_stm32_core.elf 
arm-none-eabi-objdump -h -S chromapi_stm32_core.elf  > "chromapi_stm32_core.list"
   text	   data	    bss	    dec	    hex	filename
  33648	    104	   2944	  36696	   8f58	chromapi_stm32_core.elf
Finished building: default.size.stdout
 
Finished building: chromapi_stm32_core.list
 
